../wifi/wlcmgr/wlan_enhanced_tests.c:205:13:dump_wlan_get_ed_mac_mode_usage	8	static
../wifi/wlcmgr/wlan_enhanced_tests.c:94:13:dump_wlan_set_ed_mac_mode_usage	8	static
../wifi/wlcmgr/wlan_enhanced_tests.c:314:13:print_ds_rate	8	static
../wifi/wlcmgr/wlan_enhanced_tests.c:959:13:print_chanlist	32	static
../wifi/wlcmgr/wlan_enhanced_tests.c:975:13:dump_wlan_get_txpwrlimit_usage	8	static
../wifi/wlcmgr/wlan_enhanced_tests.c:215:13:wlan_ed_mac_mode_get	24	static
../wifi/wlcmgr/wlan_enhanced_tests.c:124:13:wlan_ed_mac_mode_set	32	static
../wifi/wlcmgr/wlan_enhanced_tests.c:897:13:test_wlan_get_data_rate	72	static
../wifi/wlcmgr/wlan_enhanced_tests.c:861:13:test_wlan_get_txratecfg	72	static
../wifi/wlcmgr/wlan_enhanced_tests.c:652:13:test_wlan_set_txratecfg	80	static
../wifi/wlcmgr/wlan_enhanced_tests.c:1247:13:test_wlan_get_chanlist	440	static
../wifi/wlcmgr/wlan_enhanced_tests.c:1211:13:test_wlan_set_chanlist	440	static
../wifi/wlcmgr/wlan_enhanced_tests.c:67:13:wlan_pmfcfg_get	16	static
../wifi/wlcmgr/wlan_enhanced_tests.c:35:13:wlan_uap_pmfcfg_get	16	static
../wifi/wlcmgr/wlan_enhanced_tests.c:933:6:print_txpwrlimit	40	static
../wifi/wlcmgr/wlan_enhanced_tests.c:1124:13:test_wlan_set_chanlist_and_txpwrlimit	440	static
../wifi/wlcmgr/wlan_enhanced_tests.c:1050:13:test_wlan_set_txpwrlimit	8	static
../wifi/wlcmgr/wlan_enhanced_tests.c:995:13:test_wlan_get_txpwrlimit	16	static
../wifi/wlcmgr/wlan_enhanced_tests.c:2058:5:wlan_enhanced_cli_init	8	static
../wifi/wlcmgr/wlan_enhanced_tests.c:2073:5:wlan_enhanced_cli_deinit	8	static
