../wifi/wlcmgr/wlan.c:795:13:is_state	0	static
../wifi/wlcmgr/wlan.c:1302:12:is_bssid_any	0	static
../wifi/wlcmgr/wlan.c:1776:13:is_running	0	static
../wifi/wlcmgr/wlan.c:1787:13:is_scanning_allowed	8	static
../wifi/wlcmgr/wlan.c:7642:13:isHexNumber	0	static
../wifi/wlcmgr/wlan.c:810:12:wlan_get_ipv4_addr	8	static
../wifi/wlcmgr/wlan.c:6732:12:send_user_request	16	static
../wifi/wlcmgr/wlan.c:6998:13:neighbor_req_timer_cb	8	static
../wifi/wlcmgr/wlan.c:6965:13:assoc_timer_cb	8	static
../wifi/wlcmgr/wlan.c:2220:13:do_connect_failed	24	static
../wifi/wlcmgr/wlan.c:5209:13:wlcm_process_init_params	16	static
../wifi/wlcmgr/wlan.c:6748:13:copy_network	16	static
../wifi/wlcmgr/wlan.c:2529:13:wlan_send_btm_response	32	static
../wifi/wlcmgr/wlan.c:660:5:verify_scan_duration_value	0	static
../wifi/wlcmgr/wlan.c:669:5:verify_scan_channel_value	0	static
../wifi/wlcmgr/wlan.c:678:5:verify_split_scan_delay	0	static
../wifi/wlcmgr/wlan.c:687:5:set_scan_params	0	static
../wifi/wlcmgr/wlan.c:730:5:get_scan_params	0	static
../wifi/wlcmgr/wlan.c:738:6:wlan_dhcp_cleanup	8	static
../wifi/wlcmgr/wlan.c:5722:13:wlcm_deinit	8	static
../wifi/wlcmgr/wlan.c:785:5:wlan_is_started	0	static
../wifi/wlcmgr/wlan.c:4143:5:wlan_ft_roam	48	static
../wifi/wlcmgr/wlan.c:4607:5:wlan_rx_mgmt_indication	8	static
../wifi/wlcmgr/wlan.c:6789:5:wlan_init	48	static
../wifi/wlcmgr/wlan.c:6889:6:wlan_deinit	8	static
../wifi/wlcmgr/wlan.c:7109:5:wlan_start	32	static
../wifi/wlcmgr/wlan.c:7384:5:wlan_stop	16	static
../wifi/wlcmgr/wlan.c:7606:6:wlan_initialize_uap_network	16	static
../wifi/wlcmgr/wlan.c:7627:6:wlan_initialize_sta_network	8	static
../wifi/wlcmgr/wlan.c:8001:5:wlan_add_network	32	static
../wifi/wlcmgr/wlan.c:8783:9:wlan_check_11n_capa	16	static
../wifi/wlcmgr/wlan.c:8801:9:wlan_check_11ac_capa	16	static
../wifi/wlcmgr/wlan.c:8821:9:wlan_check_11ax_capa	16	static
../wifi/wlcmgr/wlan.c:8842:5:wlan_remove_network	32	static
../wifi/wlcmgr/wlan.c:8988:5:wlan_get_network_count	0	static
../wifi/wlcmgr/wlan.c:9023:5:wlan_get_current_network_ssid	8	static
../wifi/wlcmgr/wlan.c:9040:5:wlan_get_current_uap_network	8	static
../wifi/wlcmgr/wlan.c:9056:5:wlan_get_current_uap_network_ssid	8	static
../wifi/wlcmgr/wlan.c:9083:6:is_uap_started	0	static
../wifi/wlcmgr/wlan.c:9087:6:is_sta_connected	0	static
../wifi/wlcmgr/wlan.c:9092:6:is_sta_ipv4_connected	0	static
../wifi/wlcmgr/wlan.c:9098:6:is_sta_ipv6_connected	0	static
../wifi/wlcmgr/wlan.c:9104:5:wlan_get_network	8	static
../wifi/wlcmgr/wlan.c:9127:5:wlan_get_current_nf	0	static
../wifi/wlcmgr/wlan.c:9132:5:wlan_get_current_signal_strength	40	static
../wifi/wlcmgr/wlan.c:8999:5:wlan_get_current_network	16	static
../wifi/wlcmgr/wlan.c:9142:5:wlan_get_average_signal_strength	40	static
../wifi/wlcmgr/wlan.c:9152:5:wlan_get_current_rssi	0	static
../wifi/wlcmgr/wlan.c:9159:5:wlan_get_network_byname	32	static
../wifi/wlcmgr/wlan.c:9288:5:wlan_disconnect	8	static
../wifi/wlcmgr/wlan.c:9311:5:wlan_connect	24	static
../wifi/wlcmgr/wlan.c:9366:5:wlan_connect_opt	8	static
../wifi/wlcmgr/wlan.c:9383:5:wlan_reassociate	16	static
../wifi/wlcmgr/wlan.c:9438:5:wlan_start_network	32	static
../wifi/wlcmgr/wlan.c:9498:5:wlan_stop_network	32	static
../wifi/wlcmgr/wlan.c:9845:5:wlan_get_scan_result	24	static
../wifi/wlcmgr/wlan.c:11213:12:pscan_cb	136	static
../wifi/wlcmgr/wlan.c:9997:6:wlan_set_cal_data	8	static
../wifi/wlcmgr/wlan.c:10005:6:wlan_set_mac_addr	24	static
../wifi/wlcmgr/wlan.c:10097:5:wlan_scan_with_opt	16	static
../wifi/wlcmgr/wlan.c:10046:5:wlan_scan	208	static
../wifi/wlcmgr/wlan.c:10144:5:wlan_get_connection_state	8	static
../wifi/wlcmgr/wlan.c:10195:5:wlan_get_ps_mode	8	static
../wifi/wlcmgr/wlan.c:10247:5:wlan_get_uap_connection_state	8	static
../wifi/wlcmgr/wlan.c:10280:5:wlan_get_address	16	static
../wifi/wlcmgr/wlan.c:10309:5:wlan_get_uap_address	8	static
../wifi/wlcmgr/wlan.c:10329:5:wlan_get_uap_channel	8	static
../wifi/wlcmgr/wlan.c:10359:5:wlan_get_mac_address	8	static
../wifi/wlcmgr/wlan.c:10368:5:wlan_get_mac_address_uap	8	static
../wifi/wlcmgr/wlan.c:10388:6:wlan_wake_up_card	16	static
../wifi/wlcmgr/wlan.c:6778:12:wifi_wakeup_card_cb	16	static
../wifi/wlcmgr/wlan.c:10395:5:wlan_set_ieeeps_cfg	8	static
../wifi/wlcmgr/wlan.c:10402:6:wlan_configure_listen_interval	8	static
../wifi/wlcmgr/wlan.c:10407:6:wlan_configure_null_pkt_interval	8	static
../wifi/wlcmgr/wlan.c:10412:5:wlan_ieeeps_on	16	static
../wifi/wlcmgr/wlan.c:10444:5:wlan_ieeeps_off	8	static
../wifi/wlcmgr/wlan.c:10455:5:wlan_wnmps_on	24	static
../wifi/wlcmgr/wlan.c:10484:5:wlan_wnmps_off	8	static
../wifi/wlcmgr/wlan.c:10495:5:wlan_deepsleepps_on	16	static
../wifi/wlcmgr/wlan.c:10512:5:wlan_deepsleepps_off	8	static
../wifi/wlcmgr/wlan.c:10566:5:wlan_set_antcfg	8	static
../wifi/wlcmgr/wlan.c:10578:5:wlan_get_antcfg	8	static
../wifi/wlcmgr/wlan.c:10592:5:wlan_wlcmgr_send_msg	16	static
../wifi/wlcmgr/wlan.c:1795:13:do_scan	40	static
../wifi/wlcmgr/wlan.c:5894:13:wlcm_request_connect	24	static
../wifi/wlcmgr/wlan.c:5973:13:wlcm_request_reconnect	16	static
../wifi/wlcmgr/wlan.c:10616:5:load_wep_key	32	static
../wifi/wlcmgr/wlan.c:10657:5:get_split_scan_delay_ms	0	static
../wifi/wlcmgr/wlan.c:10662:7:wlan_get_firmware_version_ext	0	static
../wifi/wlcmgr/wlan.c:10667:14:wlan_get_uap_supported_max_clients	0	static
../wifi/wlcmgr/wlan.c:10672:5:wlan_get_uap_max_clients	8	static
../wifi/wlcmgr/wlan.c:10677:5:wlan_set_uap_max_clients	16	static
../wifi/wlcmgr/wlan.c:10716:5:wlan_get_mgmt_ie	8	static
../wifi/wlcmgr/wlan.c:10721:5:wlan_set_mgmt_ie	8	static
../wifi/wlcmgr/wlan.c:10738:5:wlan_clear_mgmt_ie	8	static
../wifi/wlcmgr/wlan.c:10743:5:wlan_set_txbfcap	8	static
../wifi/wlcmgr/wlan.c:10748:5:wlan_set_htcapinfo	8	static
../wifi/wlcmgr/wlan.c:10753:5:wlan_set_httxcfg	8	static
../wifi/wlcmgr/wlan.c:10758:5:wlan_set_txratecfg	32	static
../wifi/wlcmgr/wlan.c:10763:5:wlan_get_txratecfg	16	static
../wifi/wlcmgr/wlan.c:10784:5:wlan_set_sta_tx_power	8	static
../wifi/wlcmgr/wlan.c:10789:5:wlan_get_sta_tx_power	8	static
../wifi/wlcmgr/wlan.c:10821:5:wlan_set_chanlist	8	static
../wifi/wlcmgr/wlan.c:10831:5:wlan_get_chanlist	8	static
../wifi/wlcmgr/wlan.c:10841:5:wlan_set_txpwrlimit	8	static
../wifi/wlcmgr/wlan.c:10801:5:wlan_set_chanlist_and_txpwrlimit	16	static
../wifi/wlcmgr/wlan.c:10851:5:wlan_get_txpwrlimit	16	static
../wifi/wlcmgr/wlan.c:10875:6:wlan_set_reassoc_control	0	static
../wifi/wlcmgr/wlan.c:10881:5:wlan_set_ed_mac_mode	16	static
../wifi/wlcmgr/wlan.c:10886:5:wlan_get_ed_mac_mode	8	static
../wifi/wlcmgr/wlan.c:10891:5:wlan_set_uap_ed_mac_mode	16	static
../wifi/wlcmgr/wlan.c:10896:5:wlan_get_uap_ed_mac_mode	8	static
../wifi/wlcmgr/wlan.c:10901:6:wlan_get_11d_enable_status	8	static
../wifi/wlcmgr/wlan.c:10906:5:wlan_remain_on_channel	40	static
../wifi/wlcmgr/wlan.c:10931:5:wlan_get_otp_user_data	8	static
../wifi/wlcmgr/wlan.c:10959:5:wlan_get_cal_data	8	static
../wifi/wlcmgr/wlan.c:10986:5:wlan_auto_reconnect_enable	16	static
../wifi/wlcmgr/wlan.c:10997:5:wlan_auto_reconnect_disable	8	static
../wifi/wlcmgr/wlan.c:11002:5:wlan_get_auto_reconnect_config	8	static
../wifi/wlcmgr/wlan.c:11013:5:wlan_get_tsf	8	static
../wifi/wlcmgr/wlan.c:11018:5:wlan_tcp_keep_alive	16	static
../wifi/wlcmgr/wlan.c:11059:5:wlan_save_cloud_keep_alive_params	40	static
../wifi/wlcmgr/wlan.c:11139:5:wlan_cloud_keep_alive_enabled	0	static
../wifi/wlcmgr/wlan.c:11156:5:wlan_start_cloud_keep_alive	16	static
../wifi/wlcmgr/wlan.c:11174:5:wlan_stop_cloud_keep_alive	16	static
../wifi/wlcmgr/wlan.c:11192:10:wlan_get_beacon_period	8	static
../wifi/wlcmgr/wlan.c:11245:9:wlan_get_dtim_period	216	static
../wifi/wlcmgr/wlan.c:11278:5:wlan_get_data_rate	8	static
../wifi/wlcmgr/wlan.c:11293:5:wlan_get_pmfcfg	8	static
../wifi/wlcmgr/wlan.c:2538:13:handle_scan_results	312	static
../wifi/wlcmgr/wlan.c:11298:5:wlan_uap_get_pmfcfg	8	static
../wifi/wlcmgr/wlan.c:11314:5:wlan_set_packet_filters	8	static
../wifi/wlcmgr/wlan.c:11319:5:wlan_set_auto_arp	2720	static
../wifi/wlcmgr/wlan.c:11417:5:wlan_wowlan_cfg_ptn_match	2776	static
../wifi/wlcmgr/wlan.c:11545:5:wlan_set_ipv6_ns_offload	2712	static
../wifi/wlcmgr/wlan.c:11575:5:wlan_get_current_bssid	8	static
../wifi/wlcmgr/wlan.c:11598:9:wlan_get_current_channel	8	static
../wifi/wlcmgr/wlan.c:11616:6:wlan_sta_ampdu_tx_enable	8	static
../wifi/wlcmgr/wlan.c:11621:6:wlan_sta_ampdu_tx_disable	8	static
../wifi/wlcmgr/wlan.c:11626:6:wlan_sta_ampdu_rx_enable	8	static
../wifi/wlcmgr/wlan.c:11631:6:wlan_sta_ampdu_rx_disable	8	static
../wifi/wlcmgr/wlan.c:11636:6:wlan_uap_ampdu_tx_enable	8	static
../wifi/wlcmgr/wlan.c:11641:6:wlan_uap_ampdu_tx_disable	8	static
../wifi/wlcmgr/wlan.c:11646:6:wlan_uap_ampdu_rx_enable	8	static
../wifi/wlcmgr/wlan.c:11651:6:wlan_uap_ampdu_rx_disable	8	static
../wifi/wlcmgr/wlan.c:11678:6:wlan_uap_set_scan_chan_list	8	static
../wifi/wlcmgr/wlan.c:11684:6:wlan_uap_set_beacon_period	8	static
../wifi/wlcmgr/wlan.c:11697:5:wlan_uap_set_bandwidth	8	static
../wifi/wlcmgr/wlan.c:11710:5:wlan_uap_set_hidden_ssid	8	static
../wifi/wlcmgr/wlan.c:11736:6:wlan_uap_ctrl_deauth	8	static
../wifi/wlcmgr/wlan.c:11741:6:wlan_uap_set_ecsa	8	static
../wifi/wlcmgr/wlan.c:11746:6:wlan_uap_set_htcapinfo	8	static
../wifi/wlcmgr/wlan.c:11751:6:wlan_uap_set_httxcfg	8	static
../wifi/wlcmgr/wlan.c:11771:5:wlan_set_rts	8	static
../wifi/wlcmgr/wlan.c:11776:5:wlan_set_uap_rts	8	static
../wifi/wlcmgr/wlan.c:11783:5:wlan_set_frag	8	static
../wifi/wlcmgr/wlan.c:11788:5:wlan_set_uap_frag	8	static
../wifi/wlcmgr/wlan.c:11795:5:_wlan_rrm_scan_cb	64	static
../wifi/wlcmgr/wlan.c:11876:6:wlan_rrm_request_scan	40	static
../wifi/wlcmgr/wlan.c:11944:6:wlan_set_scan_channel_gap	0	static
../wifi/wlcmgr/wlan.c:11952:5:wlan_host_11k_cfg	8	static
../wifi/wlcmgr/wlan.c:11962:5:wlan_host_11k_neighbor_req	8	static
../wifi/wlcmgr/wlan.c:11990:5:wlan_host_11v_bss_trans_query	8	static
../wifi/wlcmgr/wlan.c:12125:5:wlan_set_sta_mac_filter	8	static
../wifi/wlcmgr/wlan.c:12143:6:wlan_version_extended	8	static
../wifi/wlcmgr/wlan.c:12180:5:wlan_set_roaming	8	static
../wifi/wlcmgr/wlan.c:12397:5:wlan_send_hostcmd	16	static
../wifi/wlcmgr/wlan.c:12672:5:wlan_set_crypto_RC4_encrypt	144	static
../wifi/wlcmgr/wlan.c:12702:5:wlan_set_crypto_RC4_decrypt	144	static
../wifi/wlcmgr/wlan.c:12732:5:wlan_set_crypto_AES_ECB_encrypt	144	static
../wifi/wlcmgr/wlan.c:12762:5:wlan_set_crypto_AES_ECB_decrypt	144	static
../wifi/wlcmgr/wlan.c:12792:5:wlan_set_crypto_AES_WRAP_encrypt	144	static
../wifi/wlcmgr/wlan.c:12823:5:wlan_set_crypto_AES_WRAP_decrypt	144	static
../wifi/wlcmgr/wlan.c:12853:5:wlan_set_crypto_AES_CCMP_encrypt	152	static
../wifi/wlcmgr/wlan.c:12900:5:wlan_set_crypto_AES_CCMP_decrypt	152	static
../wifi/wlcmgr/wlan.c:12948:5:wlan_set_crypto_AES_GCMP_encrypt	0	static
../wifi/wlcmgr/wlan.c:12989:5:wlan_set_crypto_AES_GCMP_decrypt	0	static
../wifi/wlcmgr/wlan.c:13320:5:wlan_tx_ampdu_prot_mode	8	static
../wifi/wlcmgr/wlan.c:13659:6:wlan_set_rssi_low_threshold	8	static
../wifi/wlcmgr/wlan.c:14204:5:wlan_get_signal_info	8	static
../wifi/wlcmgr/wlan.c:14211:5:wlan_get_turbo_mode	8	static
../wifi/wlcmgr/wlan.c:14216:5:wlan_get_uap_turbo_mode	8	static
../wifi/wlcmgr/wlan.c:14221:5:wlan_set_turbo_mode	8	static
../wifi/wlcmgr/wlan.c:14226:5:wlan_set_uap_turbo_mode	8	static
../wifi/wlcmgr/wlan.c:14232:6:wlan_set_ps_cfg	16	static
../wifi/wlcmgr/wlan.c:14249:5:wlan_set_country_code	24	static
../wifi/wlcmgr/wlan.c:6561:13:cm_main	640	static
../wifi/wlcmgr/wlan.c:14312:5:wlan_set_country_ie_ignore	8	static
../wifi/wlcmgr/wlan.c:14317:5:wlan_set_region_code	8	static
../wifi/wlcmgr/wlan.c:14331:5:wlan_get_region_code	8	static
../wifi/wlcmgr/wlan.c:14336:5:wlan_set_11d_state	8	static
