../wifi/wlcmgr/wlan_tests.c:8102:13:dump_wlan_tcp_client_usage	8	static
../wifi/wlcmgr/wlan_tests.c:8224:13:dump_wlan_cloud_keep_alive_usage	8	static
../wifi/wlcmgr/wlan_tests.c:8394:13:dump_wlan_set_multiple_dtim_usage	8	static
../wifi/wlcmgr/wlan_tests.c:8791:13:dump_wlan_set_turbo_mode_usage	8	static
../wifi/wlcmgr/wlan_tests.c:8500:13:dump_wlan_set_forceRTS_usage	8	static
../wifi/wlcmgr/wlan_tests.c:7328:13:dump_wlan_tx_ampdu_prot_mode_usage	8	static
../wifi/wlcmgr/wlan_tests.c:8962:13:dump_wlan_11d_enable_usage	8	static
../wifi/wlcmgr/wlan_tests.c:6436:13:dump_wlan_set_antcfg_usage	8	static
../wifi/wlcmgr/wlan_tests.c:5135:13:dump_wlan_ft_roam_usage	8	static
../wifi/wlcmgr/wlan_tests.c:5744:13:dump_wlan_eu_crypto_gcmp_256	8	static
../wifi/wlcmgr/wlan_tests.c:5648:13:dump_wlan_eu_crypto_gcmp_128	8	static
../wifi/wlcmgr/wlan_tests.c:5566:13:dump_wlan_eu_crypto_ccmp_256	8	static
../wifi/wlcmgr/wlan_tests.c:5486:13:dump_wlan_eu_crypto_ccmp_128	8	static
../wifi/wlcmgr/wlan_tests.c:5337:13:dump_wlan_eu_crypto_aes_ecb	8	static
../wifi/wlcmgr/wlan_tests.c:5411:13:dump_wlan_eu_crypto_aes_wrap	8	static
../wifi/wlcmgr/wlan_tests.c:5263:13:dump_wlan_eu_crypto_rc4	8	static
../wifi/wlcmgr/wlan_tests.c:4113:13:print_sta_filter_table_usage	8	static
../wifi/wlcmgr/wlan_tests.c:2429:13:dump_wlan_connect_opt_usage	8	static
../wifi/wlcmgr/wlan_tests.c:639:13:dump_wlan_add_usage	8	static
../wifi/wlcmgr/wlan_tests.c:2189:13:dump_wlan_scan_opt_usage	8	static
../wifi/wlcmgr/wlan_tests.c:10095:13:test_wlan_auto_reconnect	32	static
../wifi/wlcmgr/wlan_tests.c:9071:13:test_wlan_set_country_ie_ignore	16	static
../wifi/wlcmgr/wlan_tests.c:9037:13:test_wlan_set_country_code	16	static
../wifi/wlcmgr/wlan_tests.c:8113:14:wlan_tcp_client_connected	32	static
../wifi/wlcmgr/wlan_tests.c:8132:13:test_wlan_tcp_client	96	static
../wifi/wlcmgr/wlan_tests.c:8237:13:test_wlan_cloud_keep_alive	368	static
../wifi/wlcmgr/wlan_tests.c:8405:13:test_wlan_set_multiple_dtim	16	static
../wifi/wlcmgr/wlan_tests.c:8798:13:test_wlan_set_turbo_mode	16	static
../wifi/wlcmgr/wlan_tests.c:8750:13:test_wlan_get_turbo_mode	16	static
../wifi/wlcmgr/wlan_tests.c:8514:13:test_wlan_set_forceRTS	48	static
../wifi/wlcmgr/wlan_tests.c:4810:13:test_wlan_send_hostcmd	32	static
../wifi/wlcmgr/wlan_tests.c:8365:13:test_wlan_get_signal	40	static
../wifi/wlcmgr/wlan_tests.c:7674:13:test_wlan_rssi_low_threshold	8	static
../wifi/wlcmgr/wlan_tests.c:7343:13:test_wlan_tx_ampdu_prot_mode	16	static
../wifi/wlcmgr/wlan_tests.c:8970:13:test_wlan_11d_enable	16	static
../wifi/wlcmgr/wlan_tests.c:6624:13:test_wlan_get_regioncode	16	static
../wifi/wlcmgr/wlan_tests.c:6592:13:test_wlan_set_regioncode	16	static
../wifi/wlcmgr/wlan_tests.c:6540:13:test_wlan_set_scan_channel_gap	8	static
../wifi/wlcmgr/wlan_tests.c:6450:13:wlan_antcfg_set	24	static
../wifi/wlcmgr/wlan_tests.c:5142:13:test_wlan_ft_roam	24	static
../wifi/wlcmgr/wlan_tests.c:4938:13:test_wlan_set_uap_bandwidth	16	static
../wifi/wlcmgr/wlan_tests.c:3237:13:test_wlan_roaming	24	static
../wifi/wlcmgr/wlan_tests.c:4125:13:test_wlan_set_sta_filter	128	static
../wifi/wlcmgr/wlan_tests.c:3485:13:test_wlan_host_11v_bss_trans_query	16	static
../wifi/wlcmgr/wlan_tests.c:3447:13:test_wlan_host_11k_neighbor_request	56	static
../wifi/wlcmgr/wlan_tests.c:3412:13:test_wlan_host_11k_cfg	8	static
../wifi/wlcmgr/wlan_tests.c:3333:13:test_wlan_set_frag	8	static
../wifi/wlcmgr/wlan_tests.c:3297:13:test_wlan_set_rts	8	static
../wifi/wlcmgr/wlan_tests.c:3274:13:test_wlan_set_max_clients_count	8	static
../wifi/wlcmgr/wlan_tests.c:2831:13:test_wlan_wnm_ps	16	static
../wifi/wlcmgr/wlan_tests.c:2932:13:test_wlan_get_beacon_interval	8	static
../wifi/wlcmgr/wlan_tests.c:2882:13:test_wlan_deep_sleep_ps	8	static
../wifi/wlcmgr/wlan_tests.c:2808:13:test_wlan_set_ps_cfg	40	static
../wifi/wlcmgr/wlan_tests.c:2761:13:test_wlan_ieee_ps	8	static
../wifi/wlcmgr/wlan_tests.c:2730:13:test_wlan_get_uap_sta_list	48	static
../wifi/wlcmgr/wlan_tests.c:2716:13:test_wlan_get_uap_channel	16	static
../wifi/wlcmgr/wlan_tests.c:73:13:print_address	56	static
../wifi/wlcmgr/wlan_tests.c:2704:13:test_wlan_address	632	static
../wifi/wlcmgr/wlan_tests.c:2533:13:test_wlan_stat	40	static
../wifi/wlcmgr/wlan_tests.c:2525:13:test_wlan_disconnect	8	static
../wifi/wlcmgr/wlan_tests.c:2511:13:test_wlan_stop_network	632	static
../wifi/wlcmgr/wlan_tests.c:2493:13:test_wlan_start_network	8	static
../wifi/wlcmgr/wlan_tests.c:2472:13:test_wlan_reassociate	8	static
../wifi/wlcmgr/wlan_tests.c:2439:13:test_wlan_connect_opt	8	static
../wifi/wlcmgr/wlan_tests.c:2407:13:test_wlan_connect	16	static
../wifi/wlcmgr/wlan_tests.c:2378:13:test_wlan_remove	8	static
../wifi/wlcmgr/wlan_tests.c:2202:13:test_wlan_scan_opt	240	static
../wifi/wlcmgr/wlan_tests.c:2177:13:test_wlan_scan	8	static
../wifi/wlcmgr/wlan_tests.c:6637:13:test_wlan_set_mac_address	16	static
../wifi/wlcmgr/wlan_tests.c:2172:13:test_wlan_net_stats	8	static
../wifi/wlcmgr/wlan_tests.c:2152:13:test_wlan_thread_info	8	static
../wifi/wlcmgr/wlan_tests.c:238:13:print_network	24	static
../wifi/wlcmgr/wlan_tests.c:2657:13:test_wlan_info	16	static
../wifi/wlcmgr/wlan_tests.c:2635:13:test_wlan_list	640	static
../wifi/wlcmgr/wlan_tests.c:5270:13:test_wlan_eu_crypto_rc4	184	static
../wifi/wlcmgr/wlan_tests.c:5418:13:test_wlan_eu_crypto_aes_wrap	192	static
../wifi/wlcmgr/wlan_tests.c:5344:13:test_wlan_eu_crypto_aes_ecb	184	static
../wifi/wlcmgr/wlan_tests.c:5573:13:test_wlan_eu_crypto_ccmp_256	264	static
../wifi/wlcmgr/wlan_tests.c:5493:13:test_wlan_eu_crypto_ccmp_128	240	static
../wifi/wlcmgr/wlan_tests.c:5655:13:test_wlan_eu_crypto_gcmp_128	344	static
../wifi/wlcmgr/wlan_tests.c:5751:13:test_wlan_eu_crypto_gcmp_256	360	static
../wifi/wlcmgr/wlan_tests.c:6505:13:wlan_antcfg_get	16	static
../wifi/wlcmgr/wlan_tests.c:4991:13:test_wlan_set_uap_hidden_ssid	8	static
../wifi/wlcmgr/wlan_tests.c:917:13:test_wlan_add	680	static
../wifi/wlcmgr/wlan_tests.c:1953:12:__scan_cb	152	static
../wifi/wlcmgr/wlan_tests.c:10928:5:wlan_cli_init	8	static
../wifi/wlcmgr/wlan_tests.c:10947:5:wlan_cli_deinit	8	static
