../wifi/dhcpd/dhcp-server.c:66:17:ac_lookup_mac	12	static
../wifi/dhcpd/dhcp-server.c:48:12:ac_add	4	static
../wifi/dhcpd/dhcp-server.c:122:13:write_u32	0	static
../wifi/dhcpd/dhcp-server.c:442:13:dhcp_clean_sockets	8	static
../wifi/dhcpd/dhcp-server.c:105:13:ac_valid_ip	8	static
../wifi/dhcpd/dhcp-server.c:131:5:dhcp_server_lease_timeout	0	static
../wifi/dhcpd/dhcp-server.c:252:5:dhcp_get_ip_from_mac	8	static
../wifi/dhcpd/dhcp-server.c:262:5:dhcp_send_response	40	static
../wifi/dhcpd/dhcp-server.c:487:6:dhcp_server	176	static
../wifi/dhcpd/dhcp-server.c:629:5:dhcp_create_and_bind_udp_socket	40	static
../wifi/dhcpd/dhcp-server.c:682:5:dhcp_server_init	16	static
../wifi/dhcpd/dhcp-server.c:832:5:dhcp_free_allocations	8	static
../wifi/dhcpd/dhcp-server.c:817:5:dhcp_send_halt	56	static
../wifi/dhcpd/dhcp-server.c:916:6:dhcp_stat	48	static
