../wifi/port/os/os.c:26:6:is_isr_context	0	static
../wifi/port/os/os.c:39:10:os_ticks_get	8	static
../wifi/port/os/os.c:51:10:os_msec_to_ticks	0	static
../wifi/port/os/os.c:56:15:os_ticks_to_msec	0	static
../wifi/port/os/os.c:62:13:get_current_taskname	8	static
../wifi/port/os/os.c:75:5:os_thread_create	16	static
../wifi/port/os/os.c:93:13:os_get_current_task_handle	8	static
../wifi/port/os/os.c:98:5:os_thread_delete	8	static
../wifi/port/os/os.c:116:6:os_thread_sleep	8	static
../wifi/port/os/os.c:123:6:os_thread_self_complete	8	static
../wifi/port/os/os.c:149:5:os_timer_activate	24	static
../wifi/port/os/os.c:180:5:os_timer_create	24	static
../wifi/port/os/os.c:204:5:os_timer_change	24	static
../wifi/port/os/os.c:229:6:os_timer_is_running	8	static
../wifi/port/os/os.c:242:7:os_timer_get_context	8	static
../wifi/port/os/os.c:253:5:os_timer_reset	24	static
../wifi/port/os/os.c:283:5:os_timer_deactivate	24	static
../wifi/port/os/os.c:313:5:os_timer_delete	24	static
../wifi/port/os/os.c:337:5:os_queue_create	8	static
../wifi/port/os/os.c:351:5:os_queue_send	16	static
../wifi/port/os/os.c:379:5:os_queue_recv	8	static
../wifi/port/os/os.c:393:5:os_queue_delete	8	static
../wifi/port/os/os.c:404:5:os_queue_get_msgs_waiting	8	static
../wifi/port/os/os.c:420:6:vApplicationTickHook	16	static
../wifi/port/os/os.c:433:6:vApplicationIdleHook	16	static
../wifi/port/os/os.c:446:6:os_thread_stackmark	0	static
../wifi/port/os/os.c:451:5:os_setup_idle_function	0	static
../wifi/port/os/os.c:480:5:os_setup_tick_function	0	static
../wifi/port/os/os.c:509:5:os_remove_idle_function	0	static
../wifi/port/os/os.c:530:5:os_remove_tick_function	0	static
../wifi/port/os/os.c:552:5:os_mutex_create	8	static
../wifi/port/os/os.c:575:5:os_mutex_get	8	static
../wifi/port/os/os.c:587:5:os_mutex_put	8	static
../wifi/port/os/os.c:602:5:os_recursive_mutex_create	8	static
../wifi/port/os/os.c:621:5:os_recursive_mutex_get	8	static
../wifi/port/os/os.c:628:5:os_recursive_mutex_put	8	static
../wifi/port/os/os.c:635:5:os_mutex_delete	8	static
../wifi/port/os/os.c:684:5:os_event_flags_create	16	static
../wifi/port/os/os.c:1009:5:os_event_notify_get	8	static
../wifi/port/os/os.c:1015:5:os_event_notify_put	24	static
../wifi/port/os/os.c:1042:5:os_semaphore_create	8	static
../wifi/port/os/os.c:1057:5:os_semaphore_create_counting	8	static
../wifi/port/os/os.c:1075:5:os_semaphore_get	16	static
../wifi/port/os/os.c:1099:5:os_semaphore_put	16	static
../wifi/port/os/os.c:878:5:os_event_flags_set	24	static
../wifi/port/os/os.c:939:5:os_event_flags_delete	32	static
../wifi/port/os/os.c:1124:5:os_semaphore_getcount	8	static
../wifi/port/os/os.c:1130:5:os_semaphore_delete	8	static
../wifi/port/os/os.c:704:5:os_event_flags_get	48	static
../wifi/port/os/os.c:1143:5:os_rwlock_create_with_cb	24	static
../wifi/port/os/os.c:1139:5:os_rwlock_create	8	static
../wifi/port/os/os.c:1166:5:os_rwlock_read_lock	16	static
../wifi/port/os/os.c:1206:5:os_rwlock_read_unlock	16	static
../wifi/port/os/os.c:1225:5:os_rwlock_write_lock	8	static
../wifi/port/os/os.c:1231:6:os_rwlock_write_unlock	8	static
../wifi/port/os/os.c:1236:6:os_rwlock_delete	8	static
../wifi/port/os/os.c:1249:14:os_get_timestamp	16	static
../wifi/port/os/os.c:1276:7:os_mem_alloc	8	static
../wifi/port/os/os.c:1282:7:os_mem_calloc	16	static
../wifi/port/os/os.c:1297:6:os_mem_free	8	static
../wifi/port/os/os.c:1397:6:os_disable_all_interrupts	8	static
../wifi/port/os/os.c:1403:6:os_enable_all_interrupts	8	static
