../lwip/port/sys_arch.c:92:7:lwip_rand	0	static
../lwip/port/sys_arch.c:109:7:sys_mbox_new	8	static
../lwip/port/sys_arch.c:133:6:sys_mbox_free	8	static
../lwip/port/sys_arch.c:163:6:sys_mbox_post	24	static
../lwip/port/sys_arch.c:182:7:sys_mbox_trypost	24	static
../lwip/port/sys_arch.c:234:7:sys_mbox_trypost_fromisr	8	static
../lwip/port/sys_arch.c:264:7:sys_arch_mbox_fetch	32	static
../lwip/port/sys_arch.c:325:7:sys_arch_mbox_tryfetch	16	static
../lwip/port/sys_arch.c:361:7:sys_sem_new	16	static
../lwip/port/sys_arch.c:415:7:sys_arch_sem_wait	16	static
../lwip/port/sys_arch.c:456:7:sys_mutex_new	8	static
../lwip/port/sys_arch.c:477:6:sys_mutex_lock	16	static
../lwip/port/sys_arch.c:485:6:sys_mutex_unlock	8	static
../lwip/port/sys_arch.c:492:6:sys_mutex_free	8	static
../lwip/port/sys_arch.c:506:6:sys_sem_signal	8	static
../lwip/port/sys_arch.c:519:6:sys_sem_free	8	static
../lwip/port/sys_arch.c:531:6:sys_init	0	static
../lwip/port/sys_arch.c:535:7:sys_now	8	static
../lwip/port/sys_arch.c:601:12:sys_arch_protect	8	static
../lwip/port/sys_arch.c:73:6:sys_assert	8	static
../lwip/port/sys_arch.c:558:14:sys_thread_new	24	static
../lwip/port/sys_arch.c:631:6:sys_arch_unprotect	8	static
../lwip/port/sys_arch.c:652:6:sys_lock_tcpip_core	8	static
../lwip/port/sys_arch.c:662:6:sys_unlock_tcpip_core	8	static
../lwip/port/sys_arch.c:676:6:sys_mark_tcpip_thread	8	static
../lwip/port/sys_arch.c:681:6:sys_check_core_locking	8	static
