../wifi/nw_utils/iperf.c:878:13:display_iperf_usage	8	static
../wifi/nw_utils/iperf.c:761:13:timer_poll_udp_client	8	static
../wifi/nw_utils/iperf.c:751:13:poll_udp_client	8	static
../wifi/nw_utils/iperf.c:914:13:cmd_iperf	304	static
../wifi/nw_utils/iperf.c:733:13:iperf_test_abort	8	static
../wifi/nw_utils/iperf.c:569:13:iperf_test_start	48	static
../wifi/nw_utils/iperf.c:160:13:lwiperf_report	32	static
../wifi/nw_utils/iperf.c:1317:5:iperf_cli_init	24	static
../wifi/nw_utils/iperf.c:1353:5:iperf_cli_deinit	8	static
