../lwip/src/core/ipv6/nd6.c:1864:1:nd6_find_neighbor_cache_entry	12	static
../lwip/src/core/ipv6/nd6.c:2023:1:nd6_find_destination_cache_entry	12	static
../lwip/src/core/ipv6/nd6.c:2130:13:nd6_better_route	0	static
../lwip/src/core/ipv6/nd6.c:2418:13:nd6_free_route	8	static
../lwip/src/core/ipv6/nd6.c:2728:1:nd6_send_q	40	static
../lwip/src/core/ipv6/nd6.c:178:1:nd6_duplicate_addr_detected	16	static
../lwip/src/core/ipv6/nd6.c:2706:1:nd6_free_q	24	static
../lwip/src/core/ipv6/nd6.c:1992:1:nd6_free_neighbor_cache_entry	8	static
../lwip/src/core/ipv6/nd6.c:1885:1:nd6_new_neighbor_cache_entry	8	static
../lwip/src/core/ipv6/nd6.c:1454:1:nd6_send_na	48	static
../lwip/src/core/ipv6/nd6.c:1529:1:nd6_send_rs	40	static
../lwip/src/core/ipv6/nd6.c:1369:1:nd6_send_ns	48	static
../lwip/src/core/ipv6/nd6.c:2365:1:nd6_new_route	24	static
../lwip/src/core/ipv6/nd6.c:2336:1:nd6_get_route	32	static
../lwip/src/core/ipv6/nd6.c:2177:13:nd6_select_route	40	static
../lwip/src/core/ipv6/nd6.c:1094:1:nd6_tmr	48	static
../lwip/src/core/ipv6/nd6.c:2076:1:nd6_clear_destination_cache	0	static
../lwip/src/core/ipv6/nd6.c:318:1:nd6_input	104	static
../lwip/src/core/ipv6/nd6.c:2250:1:nd6_find_route	8	static
../lwip/src/core/ipv6/nd6.c:2800:1:nd6_get_next_hop_addr_or_queue	64	static
../lwip/src/core/ipv6/nd6.c:2841:1:nd6_get_destination_mtu	8	static
../lwip/src/core/ipv6/nd6.c:2871:1:nd6_reachability_hint	8	static
../lwip/src/core/ipv6/nd6.c:2917:1:nd6_cleanup_netif	24	static
../lwip/src/core/ipv6/nd6.c:2962:1:nd6_adjust_mld_membership	8	static
../lwip/src/core/ipv6/nd6.c:2989:1:nd6_restart_netif	0	static
