../lwip/src/netif/lowpan6_ble.c:328:1:rfc7668_output	56	static
../lwip/src/netif/lowpan6_ble.c:347:1:rfc7668_input	24	static
../lwip/src/netif/lowpan6_ble.c:110:1:ble_addr_to_eui64	16	static
../lwip/src/netif/lowpan6_ble.c:139:1:eui64_to_ble_addr	16	static
../lwip/src/netif/lowpan6_ble.c:176:1:rfc7668_set_local_addr_eui64	8	static
../lwip/src/netif/lowpan6_ble.c:187:1:rfc7668_set_local_addr_mac48	8	static
../lwip/src/netif/lowpan6_ble.c:198:1:rfc7668_set_peer_addr_eui64	8	static
../lwip/src/netif/lowpan6_ble.c:209:1:rfc7668_set_peer_addr_mac48	8	static
../lwip/src/netif/lowpan6_ble.c:300:1:rfc7668_set_context	8	static
../lwip/src/netif/lowpan6_ble.c:410:1:rfc7668_if_init	0	static
../lwip/src/netif/lowpan6_ble.c:440:1:tcpip_rfc7668_input	8	static
