../wifi/wifidriver/mlan_cfp.c:763:33:wlan_get_region_cfp_table	8	static
../wifi/wifidriver/mlan_cfp.c:880:13:wlan_misc_country_2_cfp_table_code	32	static
../wifi/wifidriver/mlan_cfp.c:1000:7:wlan_index_to_data_rate	80	static
../wifi/wifidriver/mlan_cfp.c:1272:6:wlan_get_txpwr_of_chan_from_cfp	20	static
../wifi/wifidriver/mlan_cfp.c:1348:26:wlan_get_cfp_by_band_and_channel	12	static
../wifi/wifidriver/mlan_cfp.c:1455:26:wlan_find_cfp_by_band_and_channel	32	static
../wifi/wifidriver/mlan_cfp.c:1484:26:wlan_find_cfp_by_band_and_freq	48	static
../wifi/wifidriver/mlan_cfp.c:1585:6:wlan_is_rate_auto	0	static
../wifi/wifidriver/mlan_cfp.c:1620:5:wlan_get_rate_index	0	static
../wifi/wifidriver/mlan_cfp.c:1646:7:wlan_convert_config_bands	0	static
../wifi/wifidriver/mlan_cfp.c:1682:7:wlan_get_supported_rates	16	static
../wifi/wifidriver/mlan_cfp.c:1239:7:wlan_get_active_data_rates	8	static
../wifi/wifidriver/mlan_cfp.c:1759:13:wlan_set_regiontable	32	static
../wifi/wifidriver/mlan_cfp.c:1831:8:wlan_get_cfp_radar_detect	0	static
../wifi/wifidriver/mlan_cfp.c:1882:8:wlan_bg_scan_type_is_passive	0	static
../wifi/wifidriver/mlan_cfp.c:1929:6:wlan_convert_v14_rate_ht_info	0	static
../wifi/wifidriver/mlan_cfp.c:1947:8:wlan_is_channel_valid	0	static
../wifi/wifidriver/mlan_cfp.c:2013:8:wlan_check_channel_by_region_table	8	static
../wifi/wifidriver/mlan_cfp.c:2074:8:wlan_is_radio_mode_valid	8	static
../wifi/wifidriver/mlan_cfp.c:2108:8:wlan_is_channel_and_freq_valid	32	static
../wifi/wifidriver/mlan_cfp.c:2195:13:wlan_set_custom_cfp_table	28	static
../wifi/wifidriver/mlan_cfp.c:2262:6:wlan_set_custom_regiontable	0	static
../wifi/wifidriver/mlan_cfp.c:2300:6:wlan_get_active_channel_list	8	static
../wifi/wifidriver/mlan_cfp.c:2798:13:wlan_get_global_nonglobal_oper_class	64	static
../wifi/wifidriver/mlan_cfp.c:2860:5:wlan_add_supported_oper_class_ie	112	static
