../wifi/wifidriver/mlan_misc.c:612:14:wlan_alloc_mlan_buffer	24	static
../wifi/wifidriver/mlan_misc.c:675:8:wlan_free_mlan_buffer	0	static
../wifi/wifidriver/mlan_misc.c:1060:6:wlan_is_station_list_empty	24	static
../wifi/wifidriver/mlan_misc.c:1082:11:wlan_get_station_entry	32	static
../wifi/wifidriver/mlan_misc.c:1122:11:wlan_add_station_entry	40	static
../wifi/wifidriver/mlan_misc.c:1159:8:wlan_delete_station_entry	24	static
../wifi/wifidriver/mlan_misc.c:1183:8:wlan_delete_station_list	32	static
../wifi/wifidriver/mlan_misc.c:1295:13:wlan_process_802dot11_mgmt_pkt	8	static
../wifi/wifidriver/mlan_misc.c:1391:13:wlan_bypass_802dot11_mgmt_pkt	0	static
../wifi/wifidriver/mlan_misc.c:1466:6:wlan_add_ext_capa_info_ie	24	static
../wifi/wifidriver/mlan_misc.c:2156:13:wlan_rate_ioctl_cfg	72	static
../wifi/wifidriver/mlan_misc.c:2207:13:wlan_cmd_802_11_rf_antenna	0	static
