../wifi/wifidriver/mlan_api.c:271:12:wifi_auto_reconnect	24	static
../wifi/wifidriver/mlan_api.c:2423:12:wifi_send_rf_antenna_cmd	48	static
../wifi/wifidriver/mlan_api.c:2131:12:wifi_send_key_material_cmd	56	static
../wifi/wifidriver/mlan_api.c:2540:12:wifi_send_cmd_802_11_supplicant_pmk	56	static
../wifi/wifidriver/mlan_api.c:3299:12:wifi_config_mgmt_ie	32	static
../wifi/wifidriver/mlan_api.c:3455:12:wifi_config_mgmt_ie2	32	static
../wifi/wifidriver/mlan_api.c:100:5:wifi_deauthenticate	16	static
../wifi/wifidriver/mlan_api.c:170:5:wifi_get_eeprom_data	16	static
../wifi/wifidriver/mlan_api.c:188:5:wifi_reg_access	32	static
../wifi/wifidriver/mlan_api.c:232:5:wifi_mem_access	24	static
../wifi/wifidriver/mlan_api.c:298:5:wifi_auto_reconnect_enable	16	static
../wifi/wifidriver/mlan_api.c:303:5:wifi_auto_reconnect_disable	8	static
../wifi/wifidriver/mlan_api.c:308:5:wifi_get_auto_reconnect_config	8	static
../wifi/wifidriver/mlan_api.c:314:5:wifi_get_tsf	40	static
../wifi/wifidriver/mlan_api.c:465:5:wifi_send_rssi_info_cmd	24	static
../wifi/wifidriver/mlan_api.c:484:5:wifi_send_rf_channel_cmd	24	static
../wifi/wifidriver/mlan_api.c:507:5:wifi_send_remain_on_channel_cmd	32	static
../wifi/wifidriver/mlan_api.c:527:5:wifi_get_set_rf_tx_power	32	static
../wifi/wifidriver/mlan_api.c:545:5:wifi_get_data_rate	32	static
../wifi/wifidriver/mlan_api.c:581:5:wifi_set_pmfcfg	0	static
../wifi/wifidriver/mlan_api.c:591:5:wifi_get_pmfcfg	0	static
../wifi/wifidriver/mlan_api.c:601:5:wifi_uap_get_pmfcfg	8	static
../wifi/wifidriver/mlan_api.c:626:5:wifi_set_packet_filters	80	static
../wifi/wifidriver/mlan_api.c:805:5:wifi_set_auto_arp	56	static
../wifi/wifidriver/mlan_api.c:841:5:wifi_tcp_keep_alive	104	static
../wifi/wifidriver/mlan_api.c:991:5:wifi_cloud_keep_alive	32	static
../wifi/wifidriver/mlan_api.c:1866:5:wifi_send_scan_cmd	64	static
../wifi/wifidriver/mlan_api.c:2161:5:wifi_set_key	440	static
../wifi/wifidriver/mlan_api.c:2248:5:wifi_set_rekey_info	2120	static
../wifi/wifidriver/mlan_api.c:2291:5:wifi_set_igtk_key	400	static
../wifi/wifidriver/mlan_api.c:2309:5:wifi_remove_key	392	static
../wifi/wifidriver/mlan_api.c:2459:5:wifi_get_antenna	24	static
../wifi/wifidriver/mlan_api.c:2500:5:wifi_set_antenna	32	static
../wifi/wifidriver/mlan_api.c:2561:5:wifi_send_add_wpa_pmk	400	static
../wifi/wifidriver/mlan_api.c:2599:5:wifi_send_get_wpa_pmk	392	static
../wifi/wifidriver/mlan_api.c:2634:5:wifi_send_add_wpa_psk	400	static
../wifi/wifidriver/mlan_api.c:2671:5:wifi_send_add_wpa3_password	400	static
../wifi/wifidriver/mlan_api.c:2704:5:wifi_send_clear_wpa_psk	392	static
../wifi/wifidriver/mlan_api.c:2732:5:wifi_send_enable_supplicant	392	static
../wifi/wifidriver/mlan_api.c:2760:5:wifi_send_disable_supplicant	384	static
../wifi/wifidriver/mlan_api.c:2772:5:wifi_set_mac_multicast_addr	224	static
../wifi/wifidriver/mlan_api.c:2801:5:wifi_get_otp_user_data	288	static
../wifi/wifidriver/mlan_api.c:2827:5:wifi_get_cal_data	8	static
../wifi/wifidriver/mlan_api.c:2872:6:wifi_get_fw_info	32	static
../wifi/wifidriver/mlan_api.c:2886:5:wifi_get_firmware_version_ext	24	static
../wifi/wifidriver/mlan_api.c:2899:5:wifi_get_firmware_version	48	static
../wifi/wifidriver/mlan_api.c:2984:5:wifi_get_region_code	0	static
../wifi/wifidriver/mlan_api.c:2990:5:wifi_set_region_code	2104	static
../wifi/wifidriver/mlan_api.c:3019:5:wifi_enable_11d_support	8	static
../wifi/wifidriver/mlan_api.c:3030:5:wifi_enable_uap_11d_support	8	static
../wifi/wifidriver/mlan_api.c:3044:5:wifi_disable_11d_support	8	static
../wifi/wifidriver/mlan_api.c:3052:5:wifi_disable_uap_11d_support	8	static
../wifi/wifidriver/mlan_api.c:3062:5:wifi_enable_11d_support_APIs	8	static
../wifi/wifidriver/mlan_api.c:3069:22:get_sub_band_from_region_code	0	static
../wifi/wifidriver/mlan_api.c:3100:22:get_sub_band_from_region_code_5ghz	4	static
../wifi/wifidriver/mlan_api.c:3154:6:wifi_11d_is_channel_allowed	24	static
../wifi/wifidriver/mlan_api.c:3210:5:wifi_enable_ecsa_support	8	static
../wifi/wifidriver/mlan_api.c:3215:6:wifi_is_ecsa_enabled	0	static
../wifi/wifidriver/mlan_api.c:3294:6:reset_ie_index	0	static
../wifi/wifidriver/mlan_api.c:3437:5:wifi_get_mgmt_ie	16	static
../wifi/wifidriver/mlan_api.c:3442:5:wifi_set_mgmt_ie	24	static
../wifi/wifidriver/mlan_api.c:3449:5:wifi_clear_mgmt_ie	24	static
../wifi/wifidriver/mlan_api.c:3571:5:wifi_get_mgmt_ie2	16	static
../wifi/wifidriver/mlan_api.c:3576:5:wifi_set_mgmt_ie2	24	static
../wifi/wifidriver/mlan_api.c:3583:5:wifi_clear_mgmt_ie2	24	static
../wifi/wifidriver/mlan_api.c:3713:5:wifi_set_chanlist	32	static
../wifi/wifidriver/mlan_api.c:3766:5:wifi_get_chanlist	16	static
../wifi/wifidriver/mlan_api.c:3813:6:wifi_get_active_channel_list	8	static
../wifi/wifidriver/mlan_api.c:3821:5:wifi_set_txpwrlimit	24	static
../wifi/wifidriver/mlan_api.c:3862:5:wifi_get_txpwrlimit	16	static
../wifi/wifidriver/mlan_api.c:3885:5:wifi_set_rts	56	static
../wifi/wifidriver/mlan_api.c:3956:5:wifi_set_frag	56	static
../wifi/wifidriver/mlan_api.c:4027:6:wifi_set_curr_bss_channel	0	static
../wifi/wifidriver/mlan_api.c:4108:5:wifi_host_11k_cfg	24	static
../wifi/wifidriver/mlan_api.c:4160:5:wifi_host_11k_neighbor_req	8	static
../wifi/wifidriver/mlan_api.c:4174:5:wifi_host_11v_bss_trans_query	8	static
../wifi/wifidriver/mlan_api.c:4369:5:wifi_set_ed_mac_mode	24	static
../wifi/wifidriver/mlan_api.c:4413:5:wifi_get_ed_mac_mode	16	static
../wifi/wifidriver/mlan_api.c:4442:5:wifi_set_smart_mode_cfg	40	static
../wifi/wifidriver/mlan_api.c:4547:5:wifi_get_smart_mode_cfg	8	static
../wifi/wifidriver/mlan_api.c:4566:5:wifi_start_smart_mode	8	static
../wifi/wifidriver/mlan_api.c:4585:5:wifi_stop_smart_mode	8	static
../wifi/wifidriver/mlan_api.c:4606:6:wifi_get_band	0	static
../wifi/wifidriver/mlan_api.c:4621:5:wifi_get_bgscan_results	16	static
../wifi/wifidriver/mlan_api.c:4640:5:wifi_send_scan_query	8	static
../wifi/wifidriver/mlan_api.c:4660:5:wifi_send_hostcmd	24	static
../wifi/wifidriver/mlan_api.c:4704:5:wifi_set_eu_crypto	24	static
../wifi/wifidriver/mlan_api.c:4762:5:wifi_set_rx_mgmt_indication	24	static
../wifi/wifidriver/mlan_api.c:4820:16:wifi_PrepDefaultMgtMsg	24	static
../wifi/wifidriver/mlan_api.c:5459:5:wifi_tx_ampdu_prot_mode	32	static
../wifi/wifidriver/mlan_api.c:5609:5:wlan_get_set_turbo_mode	24	static
../wifi/wifidriver/mlan_api.c:5589:5:wifi_get_turbo_mode	8	static
../wifi/wifidriver/mlan_api.c:5594:5:wifi_get_uap_turbo_mode	8	static
../wifi/wifidriver/mlan_api.c:5599:5:wifi_set_turbo_mode	16	static
../wifi/wifidriver/mlan_api.c:5604:5:wifi_set_uap_turbo_mode	16	static
