../wifi/wifidriver/mlan_11n.c:1349:12:wlan_check_chan_width_ht40_by_region	8	static
../wifi/wifidriver/mlan_11n.c:902:6:wlan_fill_ht_cap_tlv	24	static
../wifi/wifidriver/mlan_11n.c:966:6:wlan_show_dot11ndevcap	0	static
../wifi/wifidriver/mlan_11n.c:1030:6:wlan_show_devmcssupport	0	static
../wifi/wifidriver/mlan_11n.c:1175:13:wlan_cmd_recfg_tx_buf	0	static
../wifi/wifidriver/mlan_11n.c:1210:13:wlan_cmd_amsdu_aggr_ctrl	0	static
../wifi/wifidriver/mlan_11n.c:1284:13:wlan_cmd_11n_cfg	0	static
../wifi/wifidriver/mlan_11n.c:1312:13:wlan_ret_11n_cfg	0	static
../wifi/wifidriver/mlan_11n.c:1423:7:wlan_cmd_append_11n_tlv	48	static
../wifi/wifidriver/mlan_11n.c:1823:16:wlan_11n_get_txbastream_tbl	32	static
../wifi/wifidriver/mlan_11n.c:1762:6:wlan_11n_delete_txbastream_tbl_entry	16	static
../wifi/wifidriver/mlan_11n.c:1793:6:wlan_11n_deleteall_txbastream_tbl	32	static
../wifi/wifidriver/mlan_11n.c:1866:6:wlan_11n_create_txbastream_tbl	32	static
../wifi/wifidriver/mlan_11n.c:1906:6:wlan_11n_update_txbastream_tbl_ampdu_stat	16	static
../wifi/wifidriver/mlan_11n.c:1934:6:wlan_11n_update_txbastream_tbl_ampdu_supported	8	static
../wifi/wifidriver/mlan_11n.c:1964:6:wlan_11n_update_txbastream_tbl_tx_thresh	8	static
../wifi/wifidriver/mlan_11n.c:1991:6:wlan_11n_update_txbastream_tbl_tx_cnt	8	static
../wifi/wifidriver/mlan_11n.c:2016:5:wlan_11n_get_sta_peer_amsdu	8	static
../wifi/wifidriver/mlan_11n.c:2042:5:wlan_send_addba	48	static
../wifi/wifidriver/mlan_11n.c:2102:13:wlan_send_delba	48	static
../wifi/wifidriver/mlan_11n.c:474:20:wlan_send_delba_to_entry_in_txbastream_tbl	80	static
../wifi/wifidriver/mlan_11n.c:1694:13:wlan_11n_cfg_ioctl	72	static
../wifi/wifidriver/mlan_11n.c:2137:6:wlan_11n_delete_bastream	16	static
