../wifi/wifidriver/mlan_scan.c:3576:13:adjust_pointers_to_internal_buffers	0	static
../wifi/wifidriver/mlan_scan.c:134:13:search_oui_in_ie	24	static
../wifi/wifidriver/mlan_scan.c:202:13:is_wpa_oui_present	8	static
../wifi/wifidriver/mlan_scan.c:172:13:is_rsn_oui_present	8	static
../wifi/wifidriver/mlan_scan.c:259:13:wlan_update_chan_statistics	24	static
../wifi/wifidriver/mlan_scan.c:1577:20:wlan_interpret_bss_desc_with_ie	88	static
../wifi/wifidriver/mlan_scan.c:108:6:is_split_scan_complete	0	static
../wifi/wifidriver/mlan_scan.c:117:6:wlan_abort_split_scan	0	static
../wifi/wifidriver/mlan_scan.c:2817:19:wlan_scan_process_results	40	static
../wifi/wifidriver/mlan_scan.c:3100:7:wlan_is_network_compatible	16	static
../wifi/wifidriver/mlan_scan.c:3403:13:wlan_scan_networks	120	static
../wifi/wifidriver/mlan_scan.c:1434:6:wlan_active_scan_req_for_passive_chan	88	static
../wifi/wifidriver/mlan_scan.c:3658:13:wlan_ret_802_11_scan	128	static
../wifi/wifidriver/mlan_scan.c:4165:13:wlan_cmd_802_11_scan_ext	16	static
../wifi/wifidriver/mlan_scan.c:4197:13:wlan_ret_802_11_scan_ext	32	static
../wifi/wifidriver/mlan_scan.c:5164:13:wlan_handle_event_ext_scan_report	128	static
../wifi/wifidriver/mlan_scan.c:5248:13:wlan_cmd_802_11_bg_scan_query	0	static
../wifi/wifidriver/mlan_scan.c:5400:13:wlan_cmd_bgscan_config	104	static
../wifi/wifidriver/mlan_scan.c:5732:13:wlan_ret_bgscan_config	0	static
../wifi/wifidriver/mlan_scan.c:5853:7:wlan_find_bssid_in_list	48	static
../wifi/wifidriver/mlan_scan.c:5917:7:wlan_ssid_cmp	8	static
../wifi/wifidriver/mlan_scan.c:5771:7:wlan_find_ssid_in_list	56	static
