../wifi/wifidriver/mlan_cmdevt.c:769:13:wlan_prepare_cmd	24	static
../wifi/wifidriver/mlan_cmdevt.c:1826:13:wlan_cmd_enh_power_mode	8	static
../wifi/wifidriver/mlan_cmdevt.c:2247:13:wlan_ret_802_11_tx_rate_query	16	static
../wifi/wifidriver/mlan_cmdevt.c:2462:13:wlan_cmd_tx_rate_cfg	8	static
../wifi/wifidriver/mlan_cmdevt.c:2580:13:wlan_ret_tx_rate_cfg	32	static
../wifi/wifidriver/mlan_cmdevt.c:2870:13:wlan_cmd_get_hw_spec	8	static
../wifi/wifidriver/mlan_cmdevt.c:2892:13:wlan_cmd_get_tsf	0	static
../wifi/wifidriver/mlan_cmdevt.c:3093:13:wlan_ret_get_hw_spec	24	static
../wifi/wifidriver/mlan_cmdevt.c:3413:13:wlan_cmd_remain_on_channel	0	static
../wifi/wifidriver/mlan_cmdevt.c:4516:13:wlan_cmd_boot_sleep	0	static
../wifi/wifidriver/mlan_cmdevt.c:4543:13:wlan_ret_boot_sleep	0	static
../wifi/wifidriver/mlan_cmdevt.c:4564:13:wlan_cmd_hs_wakeup_reason	0	static
../wifi/wifidriver/mlan_cmdevt.c:4585:13:wlan_ret_hs_wakeup_reason	0	static
../wifi/wifidriver/mlan_cmdevt.c:4609:13:wlan_cmd_tx_frame	40	static
