../wifi/wifidriver/mlan_glue.c:459:20:wrapper_moal_init_lock	0	static
../wifi/wifidriver/mlan_glue.c:468:20:wrapper_moal_free_lock	0	static
../wifi/wifidriver/mlan_glue.c:477:20:wrapper_moal_spin_lock	0	static
../wifi/wifidriver/mlan_glue.c:486:20:wrapper_moal_spin_unlock	0	static
../wifi/wifidriver/mlan_glue.c:334:9:wrapper_moal_memcpy_ext	8	static
../wifi/wifidriver/mlan_glue.c:430:20:wrapper_moal_stop_timer	16	static
../wifi/wifidriver/mlan_glue.c:415:20:wrapper_moal_reset_timer	16	static
../wifi/wifidriver/mlan_glue.c:382:20:wrapper_moal_start_timer	16	static
../wifi/wifidriver/mlan_glue.c:445:20:wrapper_moal_free_timer	8	static
../wifi/wifidriver/mlan_glue.c:344:20:wrapper_moal_init_timer	24	static
../wifi/wifidriver/mlan_glue.c:299:20:wrapper_moal_recv_packet	8	static
../wifi/wifidriver/mlan_glue.c:163:14:wifi_11n_save_request	16	static
../wifi/wifidriver/mlan_glue.c:1474:12:wifi_send_11n_cfg_ioctl	56	static
../wifi/wifidriver/mlan_glue.c:1579:12:wifi_send_tx_power_cfg_ioctl	56	static
../wifi/wifidriver/mlan_glue.c:1649:12:wifi_send_tx_rate_cfg_ioctl	56	static
../wifi/wifidriver/mlan_glue.c:292:6:wrapper_deliver_amsdu_subframe	8	static
../wifi/wifidriver/mlan_glue.c:561:5:mlan_subsys_init	16	static
../wifi/wifidriver/mlan_glue.c:600:5:mlan_subsys_deinit	16	static
../wifi/wifidriver/mlan_glue.c:645:5:wrapper_wlan_cmd_11n_addba_rspgen	16	static
../wifi/wifidriver/mlan_glue.c:682:5:wrapper_wlan_cmd_11n_ba_stream_timeout	8	static
../wifi/wifidriver/mlan_glue.c:693:5:wrapper_wlan_cmd_11n_delba_rspgen	8	static
../wifi/wifidriver/mlan_glue.c:704:6:wrapper_wlan_update_uap_rxrate_info	0	static
../wifi/wifidriver/mlan_glue.c:716:5:wrapper_wlan_uap_ampdu_enable	16	static
../wifi/wifidriver/mlan_glue.c:890:5:wrapper_wlan_sta_ampdu_enable	24	static
../wifi/wifidriver/mlan_glue.c:961:5:wrapper_wlan_11d_enable	40	static
../wifi/wifidriver/mlan_glue.c:978:5:wrapper_wlan_uap_11d_enable	40	static
../wifi/wifidriver/mlan_glue.c:995:5:wifi_11h_enable	40	static
../wifi/wifidriver/mlan_glue.c:1012:5:wrapper_wlan_ecsa_enable	40	static
../wifi/wifidriver/mlan_glue.c:1036:5:wrapper_wlan_cmd_get_hw_spec	16	static
../wifi/wifidriver/mlan_glue.c:1048:13:wrapper_wlan_cmd_mgmt_ie	1168	static
../wifi/wifidriver/mlan_glue.c:1082:5:wrapper_wlan_handle_rx_packet	24	static
../wifi/wifidriver/mlan_glue.c:1190:5:wrapper_wlan_handle_amsdu_rx_packet	24	static
../wifi/wifidriver/mlan_glue.c:1333:6:wrapper_wlan_cmd_11n_cfg	16	static
../wifi/wifidriver/mlan_glue.c:1349:6:set_event_chanswann	0	static
../wifi/wifidriver/mlan_glue.c:1354:6:clear_event_chanswann	0	static
../wifi/wifidriver/mlan_glue.c:1359:6:wrapper_wlan_11d_clear_parsedtable	8	static
../wifi/wifidriver/mlan_glue.c:1378:6:wrapper_clear_media_connected_event	0	static
../wifi/wifidriver/mlan_glue.c:1384:13:wifi_prepare_and_send_cmd	48	static
../wifi/wifidriver/mlan_glue.c:1435:6:wmsdk_is_11N_enabled	0	static
../wifi/wifidriver/mlan_glue.c:1444:18:wifi_send_bss_ioctl	48	static
../wifi/wifidriver/mlan_glue.c:1464:5:wrapper_get_wpa_ie_in_assoc	8	static
../wifi/wifidriver/mlan_glue.c:1516:5:wifi_set_txbfcap	32	static
../wifi/wifidriver/mlan_glue.c:1528:5:wifi_set_htcapinfo	32	static
../wifi/wifidriver/mlan_glue.c:1545:5:wifi_set_httxcfg	32	static
../wifi/wifidriver/mlan_glue.c:1562:5:wifi_uap_set_httxcfg_int	72	static
../wifi/wifidriver/mlan_glue.c:1600:5:wifi_set_tx_power	528	static
../wifi/wifidriver/mlan_glue.c:1613:5:wifi_set_tx_power_ext	536	static
../wifi/wifidriver/mlan_glue.c:1626:5:wifi_get_tx_power	584	static
../wifi/wifidriver/mlan_glue.c:1691:5:wifi_set_txratecfg	72	static
../wifi/wifidriver/mlan_glue.c:1733:5:wifi_get_txratecfg	72	static
../wifi/wifidriver/mlan_glue.c:1757:6:wrapper_wlan_11d_support_is_enabled	8	static
../wifi/wifidriver/mlan_glue.c:1767:5:wrapper_wifi_assoc	1128	static
../wifi/wifidriver/mlan_glue.c:2573:5:wifi_process_cmd_response	40	static
../wifi/wifidriver/mlan_glue.c:4383:7:wlan_get_specific_ie	4	static
../wifi/wifidriver/mlan_glue.c:4661:6:wlan_update_wnm_ps_status	0	static
../wifi/wifidriver/mlan_glue.c:4935:5:wifi_request_bgscan	32	static
../wifi/wifidriver/mlan_glue.c:4949:5:wifi_set_rssi_low_threshold	80	static
../wifi/wifidriver/mlan_glue.c:4980:5:wifi_request_bgscan_query	32	static
../wifi/wifidriver/mlan_glue.c:4992:5:wifi_config_bgscan_and_rssi	24	static
../wifi/wifidriver/mlan_glue.c:5051:13:wifi_stop_bgscan	8	static
../wifi/wifidriver/mlan_glue.c:5067:5:wifi_handle_fw_event	64	static
../wifi/wifidriver/mlan_glue.c:6045:5:wrapper_bssdesc_first_set	112	static
../wifi/wifidriver/mlan_glue.c:6122:5:wrapper_bssdesc_second_set	32	static
../wifi/wifidriver/mlan_glue.c:6265:5:wifi_get_scan_result_count	0	static
../wifi/wifidriver/mlan_glue.c:6276:5:wrapper_wlan_set_regiontable	8	static
../wifi/wifidriver/mlan_glue.c:6291:6:wifi_scan_process_results	8	static
../wifi/wifidriver/mlan_glue.c:6315:6:check_for_wpa2_entp_ie	24	static
../wifi/wifidriver/mlan_glue.c:6362:6:wifi_get_value1_from_cmdresp	0	static
../wifi/wifidriver/mlan_glue.c:6373:6:wifi_get_mac_address_from_cmdresp	8	static
../wifi/wifidriver/mlan_glue.c:6378:6:wifi_get_firmware_ver_ext_from_cmdresp	32	static
../wifi/wifidriver/mlan_glue.c:6420:6:wifi_prepare_set_cal_data_cmd	8	static
../wifi/wifidriver/mlan_glue.c:6461:6:wifi_prepare_get_hw_spec_cmd	0	static
../wifi/wifidriver/mlan_glue.c:6469:6:wifi_prepare_reconfigure_tx_buf_cmd	0	static
../wifi/wifidriver/mlan_glue.c:6483:6:wifi_prepare_get_mac_addr_cmd	0	static
../wifi/wifidriver/mlan_glue.c:6492:6:wifi_prepare_get_fw_ver_ext_cmd	0	static
../wifi/wifidriver/mlan_glue.c:6501:6:wifi_prepare_get_value1	0	static
../wifi/wifidriver/mlan_glue.c:6513:6:wifi_prepare_set_mac_addr_cmd	8	static
../wifi/wifidriver/mlan_glue.c:6560:6:wifi_prepare_enable_amsdu_cmd	0	static
../wifi/wifidriver/mlan_glue.c:6585:6:wlan_prepare_mac_control_cmd	0	static
../wifi/wifidriver/mlan_glue.c:6602:6:wifi_set_cal_data	0	static
../wifi/wifidriver/mlan_glue.c:6609:6:wifi_set_mac_addr	0	static
../wifi/wifidriver/mlan_glue.c:6615:6:_wifi_set_mac_addr	40	static
../wifi/wifidriver/mlan_glue.c:6875:5:wifi_config_roaming	8	static
../wifi/wifidriver/mlan_glue.c:7283:5:wifi_set_subscribe_low_rssi_event	112	static
