../wifi/wifidriver/mlan_11d.c:925:13:wlan_cmd_802_11d_domain_info	16	static
../wifi/wifidriver/mlan_11d.c:670:20:wlan_11d_send_domain_info	16	static
../wifi/wifidriver/mlan_11d.c:110:6:region_string_2_region_code	24	static
../wifi/wifidriver/mlan_11d.c:150:13:wlan_11d_region_2_code	24	static
../wifi/wifidriver/mlan_11d.c:179:16:wlan_11d_country_index_2_string	0	static
../wifi/wifidriver/mlan_11d.c:196:13:wlan_11d_code_2_region	0	static
../wifi/wifidriver/mlan_11d.c:335:20:wlan_11d_generate_domain_info	40	static
../wifi/wifidriver/mlan_11d.c:1340:13:wlan_11d_create_dnld_countryinfo	192	static
../wifi/wifidriver/mlan_11d.c:699:13:wlan_11d_set_domain_info	24	static
../wifi/wifidriver/mlan_11d.c:1597:13:wlan_11d_cfg_domain_info	40	static
../wifi/wifidriver/mlan_11d.c:1657:13:wlan_11d_handle_uap_domain_info	56	static
../wifi/wifidriver/mlan_11d.c:733:8:wlan_is_station	0	static
../wifi/wifidriver/mlan_11d.c:747:8:wlan_11d_support_is_enabled	0	static
../wifi/wifidriver/mlan_11d.c:761:8:wlan_11d_is_enabled	0	static
../wifi/wifidriver/mlan_11d.c:785:7:wlan_enable_11d_support	0	static
../wifi/wifidriver/mlan_11d.c:813:7:wlan_11d_support_APIs	0	static
../wifi/wifidriver/mlan_11d.c:830:8:wlan_11d_priv_init	0	static
../wifi/wifidriver/mlan_11d.c:859:8:wlan_11d_init	8	static
../wifi/wifidriver/mlan_11d.c:1039:6:is_special_region_code	40	static
../wifi/wifidriver/mlan_11d.c:1068:13:wlan_11d_parse_domain_info	56	static
../wifi/wifidriver/mlan_11d.c:1464:13:wlan_11d_parse_dnld_countryinfo	368	static
../wifi/wifidriver/mlan_11d.c:1546:13:wlan_11d_prepare_dnld_domain_info_cmd	232	static
../wifi/wifidriver/mlan_11d.c:1157:7:wlan_11d_chan_2_freq	4	static
../wifi/wifidriver/mlan_11d.c:1203:13:wlan_11d_set_universaltable	16	static
../wifi/wifidriver/mlan_11d.c:1278:16:wlan_11d_get_scan_type	8	static
../wifi/wifidriver/mlan_11d.c:1311:13:wlan_11d_clear_parsedtable	8	static
