../wifi/wifidriver/mlan_11n_rxreorder.c:84:20:wlan_11n_dispatch_pkt	24	static
../wifi/wifidriver/mlan_11n_rxreorder.c:167:20:wlan_11n_dispatch_pkt_until_start_win	40	static
../wifi/wifidriver/mlan_11n_rxreorder.c:409:15:wlan_flush_data	16	static
../wifi/wifidriver/mlan_11n_rxreorder.c:340:15:wlan_11n_delete_rxreorder_tbl_entry	32	static
../wifi/wifidriver/mlan_11n_rxreorder.c:571:15:wlan_11n_get_rxreorder_tbl	32	static
../wifi/wifidriver/mlan_11n_rxreorder.c:456:15:wlan_11n_create_rxreorder_tbl	40	static
../wifi/wifidriver/mlan_11n_rxreorder.c:616:13:wlan_cmd_11n_addba_req	16	static
../wifi/wifidriver/mlan_11n_rxreorder.c:644:13:wlan_cmd_11n_addba_rspgen	40	static
../wifi/wifidriver/mlan_11n_rxreorder.c:726:13:wlan_cmd_11n_uap_addba_rspgen	40	static
../wifi/wifidriver/mlan_11n_rxreorder.c:801:13:wlan_cmd_11n_delba	8	static
../wifi/wifidriver/mlan_11n_rxreorder.c:943:13:mlan_11n_rxreorder_pkt	32	static
../wifi/wifidriver/mlan_11n_rxreorder.c:1171:6:mlan_11n_update_bastream_tbl	24	static
../wifi/wifidriver/mlan_11n_rxreorder.c:1232:13:wlan_ret_11n_addba_resp	16	static
../wifi/wifidriver/mlan_11n_rxreorder.c:1293:6:wlan_11n_ba_stream_timeout	40	static
../wifi/wifidriver/mlan_11n_rxreorder.c:1320:6:wlan_11n_cleanup_reorder_tbl	24	static
../wifi/wifidriver/mlan_11n_rxreorder.c:1442:6:wlan_cleanup_reorder_tbl	16	static
../wifi/wifidriver/mlan_11n_rxreorder.c:1497:6:wlan_update_rxreorder_tbl	40	static
