../wifi/wifidriver/wifi.c:1325:12:cmp_mac_addr	0	static
../wifi/wifidriver/wifi.c:295:12:wifi_get_mcastf_lock	8	static
../wifi/wifidriver/wifi.c:300:12:wifi_put_mcastf_lock	8	static
../wifi/wifidriver/wifi.c:1429:12:make_filter_list	24	static
../wifi/wifidriver/wifi.c:1726:13:wifi_core_input	16	static
../wifi/wifidriver/wifi.c:3393:12:wifi_low_level_input	16	static
../wifi/wifidriver/wifi.c:223:10:wifi_get_last_cmd_sent_ms	0	static
../wifi/wifidriver/wifi.c:228:10:wifi_get_value1	8	static
../wifi/wifidriver/wifi.c:234:6:wifi_wake_up_card	8	static
../wifi/wifidriver/wifi.c:254:6:wifi_get_xfer_pending	0	static
../wifi/wifidriver/wifi.c:261:6:wifi_set_xfer_pending	0	static
../wifi/wifidriver/wifi.c:266:6:wifi_update_last_cmd_sent_ms	8	static
../wifi/wifidriver/wifi.c:276:5:wifi_put_command_resp_sem	8	static
../wifi/wifidriver/wifi.c:1678:13:wifi_driver_main_loop	24	static
../wifi/wifidriver/wifi.c:283:5:wifi_get_command_lock	8	static
../wifi/wifidriver/wifi.c:305:5:wifi_put_command_lock	8	static
../wifi/wifidriver/wifi.c:1101:5:wifi_wait_for_cmdresp	40	static
../wifi/wifidriver/wifi.c:1305:5:wifi_event_completion	16	static
../wifi/wifidriver/wifi.c:1834:13:wifi_powersave_thread	32	static
../wifi/wifidriver/wifi.c:1450:6:wifi_get_ipv4_multicast_mac	0	static
../wifi/wifidriver/wifi.c:1477:6:wifi_get_ipv6_multicast_mac	0	static
../wifi/wifidriver/wifi.c:1501:5:wifi_add_mcast_filter	208	static
../wifi/wifidriver/wifi.c:1525:5:wifi_remove_mcast_filter	208	static
../wifi/wifidriver/wifi.c:1550:6:wifi_remove_all_mcast_filter	16	static
../wifi/wifidriver/wifi.c:2080:13:wifi_core_deinit	16	static
../wifi/wifidriver/wifi.c:1874:12:wifi_core_init	16	static
../wifi/wifidriver/wifi.c:1572:5:wifi_get_scan_result	64	static
../wifi/wifidriver/wifi.c:1624:5:wifi_register_event_queue	0	static
../wifi/wifidriver/wifi.c:1640:5:wifi_unregister_event_queue	0	static
../wifi/wifidriver/wifi.c:1671:5:wifi_get_wpa_ie_in_assoc	8	static
../wifi/wifidriver/wifi.c:1766:6:wifi_user_scan_config_cleanup	8	static
../wifi/wifidriver/wifi.c:1790:13:wifi_scan_input	16	static
../wifi/wifidriver/wifi.c:1775:6:wifi_scan_stop	16	static
../wifi/wifidriver/wifi.c:2225:5:wifi_init	16	static
../wifi/wifidriver/wifi.c:2360:5:wifi_init_fcc	16	static
../wifi/wifidriver/wifi.c:2421:6:wifi_deinit	8	static
../wifi/wifidriver/wifi.c:2486:6:wifi_set_tx_status	0	static
../wifi/wifidriver/wifi.c:2491:6:wifi_set_rx_status	0	static
../wifi/wifidriver/wifi.c:2496:6:wifi_set_packet_retry_count	0	static
../wifi/wifidriver/wifi.c:2502:6:wifi_sta_ampdu_tx_enable	0	static
../wifi/wifidriver/wifi.c:2507:6:wifi_sta_ampdu_tx_disable	0	static
../wifi/wifidriver/wifi.c:2512:6:wifi_sta_ampdu_tx_enable_per_tid	0	static
../wifi/wifidriver/wifi.c:2517:6:wifi_sta_ampdu_tx_enable_per_tid_is_allowed	0	static
../wifi/wifidriver/wifi.c:2543:6:wifi_sta_ampdu_rx_enable	0	static
../wifi/wifidriver/wifi.c:2548:6:wifi_sta_ampdu_rx_disable	0	static
../wifi/wifidriver/wifi.c:2553:6:wifi_sta_ampdu_rx_enable_per_tid	0	static
../wifi/wifidriver/wifi.c:2558:6:wifi_sta_ampdu_rx_enable_per_tid_is_allowed	0	static
../wifi/wifidriver/wifi.c:2584:6:wifi_uap_ampdu_tx_enable	0	static
../wifi/wifidriver/wifi.c:2589:6:wifi_uap_ampdu_tx_disable	0	static
../wifi/wifidriver/wifi.c:2594:6:wifi_uap_ampdu_tx_enable_per_tid	0	static
../wifi/wifidriver/wifi.c:2599:6:wifi_uap_ampdu_tx_enable_per_tid_is_allowed	0	static
../wifi/wifidriver/wifi.c:2625:6:wifi_uap_ampdu_rx_enable	0	static
../wifi/wifidriver/wifi.c:2630:6:wifi_uap_ampdu_rx_disable	0	static
../wifi/wifidriver/wifi.c:2635:6:wifi_uap_ampdu_rx_enable_per_tid	0	static
../wifi/wifidriver/wifi.c:2640:6:wifi_uap_ampdu_rx_enable_per_tid_is_allowed	0	static
../wifi/wifidriver/wifi.c:2666:5:wifi_register_data_input_callback	0	static
../wifi/wifidriver/wifi.c:2693:6:wifi_deregister_data_input_callback	0	static
../wifi/wifidriver/wifi.c:2731:5:wifi_register_amsdu_data_input_callback	0	static
../wifi/wifidriver/wifi.c:2745:6:wifi_deregister_amsdu_data_input_callback	0	static
../wifi/wifidriver/wifi.c:2750:5:wifi_register_deliver_packet_above_callback	0	static
../wifi/wifidriver/wifi.c:2764:6:wifi_deregister_deliver_packet_above_callback	0	static
../wifi/wifidriver/wifi.c:2769:5:wifi_register_wrapper_net_is_ip_or_ipv6_callback	0	static
../wifi/wifidriver/wifi.c:2781:6:wifi_deregister_wrapper_net_is_ip_or_ipv6_callback	0	static
../wifi/wifidriver/wifi.c:3473:6:wifi_tx_card_awake_lock	16	static
../wifi/wifidriver/wifi.c:3495:6:wifi_tx_card_awake_unlock	8	static
../wifi/wifidriver/wifi.c:4225:5:wifi_low_level_output	32	static
../wifi/wifidriver/wifi.c:4435:10:wifi_get_outbuf	8	static
../wifi/wifidriver/wifi.c:4622:5:wifi_inject_frame	40	static
../wifi/wifidriver/wifi.c:4673:5:wifi_set_country_code	16	static
../wifi/wifidriver/wifi.c:4712:5:wifi_get_country_code	8	static
../wifi/wifidriver/wifi.c:4719:5:wifi_set_country_ie_ignore	0	static
../wifi/wifidriver/wifi.c:5048:5:wifi_supp_inject_frame	0	static
../wifi/wifidriver/wifi.c:5058:5:wifi_remain_on_channel	32	static
