../wifi/wifidriver/wifi_pwrmgr.c:225:12:wifi_send_power_save_command	40	static
../wifi/wifidriver/wifi_pwrmgr.c:43:6:wifi_set_ps_cfg	4	static
../wifi/wifidriver/wifi_pwrmgr.c:59:6:wifi_configure_null_pkt_interval	0	static
../wifi/wifidriver/wifi_pwrmgr.c:65:6:wifi_configure_listen_interval	24	static
../wifi/wifidriver/wifi_pwrmgr.c:248:5:wifi_enter_ieee_power_save	8	static
../wifi/wifidriver/wifi_pwrmgr.c:253:5:wifi_exit_ieee_power_save	8	static
../wifi/wifidriver/wifi_pwrmgr.c:259:5:wifi_enter_wnm_power_save	16	static
../wifi/wifidriver/wifi_pwrmgr.c:266:5:wifi_exit_wnm_power_save	8	static
../wifi/wifidriver/wifi_pwrmgr.c:272:5:wifi_enter_deepsleep_power_save	16	static
../wifi/wifidriver/wifi_pwrmgr.c:283:5:wifi_exit_deepsleep_power_save	16	static
../wifi/wifidriver/wifi_pwrmgr.c:289:5:wifi_set_power_save_mode	16	static
../wifi/wifidriver/wifi_pwrmgr.c:296:5:wifi_uap_ps_inactivity_sleep_enter	56	static
../wifi/wifidriver/wifi_pwrmgr.c:320:5:wifi_uap_ps_inactivity_sleep_exit	8	static
../wifi/wifidriver/wifi_pwrmgr.c:325:6:send_sleep_confirm_command	16	static
../wifi/wifidriver/wifi_pwrmgr.c:393:24:wifi_process_ps_enh_response	8	static
