../wifi/wifidriver/wifi-uap.c:272:6:wifi_uap_clear_domain_info	8	static
../wifi/wifidriver/wifi-uap.c:289:5:wifi_uap_prepare_and_send_cmd	40	static
../wifi/wifidriver/wifi-uap.c:330:5:wifi_uap_downld_domain_params	48	static
../wifi/wifidriver/wifi-uap.c:1803:12:wifi_send_uap_max_sta_num_cmd	40	static
../wifi/wifidriver/wifi-uap.c:385:12:wifi_cmd_uap_config	1224	static
../wifi/wifidriver/wifi-uap.c:800:5:wifi_uap_enable_11d_support	0	static
../wifi/wifidriver/wifi-uap.c:809:5:wifi_uap_ctrl_deauth	32	static
../wifi/wifidriver/wifi-uap.c:816:6:wifi_uap_set_beacon_period	0	static
../wifi/wifidriver/wifi-uap.c:821:5:wifi_uap_set_bandwidth	0	static
../wifi/wifidriver/wifi-uap.c:835:6:wifi_uap_get_bandwidth	0	static
../wifi/wifidriver/wifi-uap.c:840:6:wifi_uap_set_hidden_ssid	0	static
../wifi/wifidriver/wifi-uap.c:845:6:wifi_uap_set_ecsa	0	static
../wifi/wifidriver/wifi-uap.c:852:6:wifi_uap_set_htcapinfo	0	static
../wifi/wifidriver/wifi-uap.c:857:6:wifi_uap_set_httxcfg	0	static
../wifi/wifidriver/wifi-uap.c:969:6:wifi_uap_config_wifi_capa	8	static
../wifi/wifidriver/wifi-uap.c:1109:5:wifi_uap_bss_sta_list	24	static
../wifi/wifidriver/wifi-uap.c:1150:5:wifi_uap_stop	24	static
../wifi/wifidriver/wifi-uap.c:1410:6:wifi_uap_handle_cmd_resp	16	static
../wifi/wifidriver/wifi-uap.c:1552:5:wifi_uap_rates_getset	24	static
../wifi/wifidriver/wifi-uap.c:1594:5:wifi_uap_mcbc_rate_getset	16	static
../wifi/wifidriver/wifi-uap.c:1632:5:wifi_uap_tx_power_getset	16	static
../wifi/wifidriver/wifi-uap.c:1669:5:wifi_uap_sta_ageout_timer_getset	16	static
../wifi/wifidriver/wifi-uap.c:1706:5:wifi_uap_ps_sta_ageout_timer_getset	16	static
../wifi/wifidriver/wifi-uap.c:1743:5:wifi_uap_group_rekey_timer_getset	16	static
../wifi/wifidriver/wifi-uap.c:1834:5:wifi_get_uap_max_clients	8	static
../wifi/wifidriver/wifi-uap.c:1839:5:wifi_set_uap_max_clients	8	static
../wifi/wifidriver/wifi-uap.c:1849:5:wifi_get_uap_channel	32	static
../wifi/wifidriver/wifi-uap.c:1854:5:wifi_uap_pmf_getset	40	static
../wifi/wifidriver/wifi-uap.c:1021:5:wifi_uap_start	248	static
../wifi/wifidriver/wifi-uap.c:1895:5:wifi_set_sta_mac_filter	24	static
