../wifi/wifidriver/wifi-sdio.c:743:12:wlan_get_next_seq_num	0	static
../wifi/wifidriver/wifi-sdio.c:528:20:wlan_decode_rx_packet	32	static
../wifi/wifidriver/wifi-sdio.c:130:13:wifi_sdio_wait_for_cmdresp	8	static
../wifi/wifidriver/wifi-sdio.c:98:5:wifi_sdio_lock	8	static
../wifi/wifidriver/wifi-sdio.c:103:6:wifi_sdio_unlock	8	static
../wifi/wifidriver/wifi-sdio.c:935:13:wlan_get_fw_ver_ext	32	static
../wifi/wifidriver/wifi-sdio.c:141:10:wifi_get_device_value1	0	static
../wifi/wifidriver/wifi-sdio.c:146:5:wifi_get_device_mac_addr	8	static
../wifi/wifidriver/wifi-sdio.c:152:5:wifi_get_device_uap_mac_addr	8	static
../wifi/wifidriver/wifi-sdio.c:158:5:wifi_get_device_firmware_version_ext	8	static
../wifi/wifidriver/wifi-sdio.c:258:5:raw_process_pkt_hdrs	0	static
../wifi/wifidriver/wifi-sdio.c:294:6:process_pkt_hdrs	4	static
../wifi/wifidriver/wifi-sdio.c:328:6:process_pkt_hdrs_flags	0	static
../wifi/wifidriver/wifi-sdio.c:334:5:bus_register_event_queue	0	static
../wifi/wifidriver/wifi-sdio.c:346:6:bus_deregister_event_queue	0	static
../wifi/wifidriver/wifi-sdio.c:354:5:bus_register_data_input_function	0	static
../wifi/wifidriver/wifi-sdio.c:368:6:bus_deregister_data_input_funtion	0	static
../wifi/wifidriver/wifi-sdio.c:1492:5:wlan_send_sdio_cmd	40	static
../wifi/wifidriver/wifi-sdio.c:1519:5:wifi_send_cmdbuffer	8	static
../wifi/wifidriver/wifi-sdio.c:1863:13:wlan_xmit_pkt	56	static
../wifi/wifidriver/wifi-sdio.c:2012:8:wlan_interrupt	32	static
../wifi/wifidriver/wifi-sdio.c:2563:13:wlan_process_int_status	56	static
../wifi/wifidriver/wifi-sdio.c:2686:6:handle_cdint	8	static
../wifi/wifidriver/wifi-sdio.c:2696:5:wifi_raw_packet_recv	32	static
../wifi/wifidriver/wifi-sdio.c:2778:5:wifi_raw_packet_send	48	static
../wifi/wifidriver/wifi-sdio.c:2834:6:sd_wifi_reset_ports	0	static
../wifi/wifidriver/wifi-sdio.c:2845:13:sd_wifi_post_init	48	static
../wifi/wifidriver/wifi-sdio.c:2889:13:sd_wifi_init	16	static
../wifi/wifidriver/wifi-sdio.c:2956:6:sd_wifi_deinit	32	static
../wifi/wifidriver/wifi-sdio.c:2979:21:wifi_get_command_buffer	0	static
../wifi/wifidriver/wifi-sdio.c:2988:6:set_ioport_inmlan	0	static
