../lwip/src/core/ipv4/dhcp.c:1423:1:dhcp_set_state	0	static
../lwip/src/core/ipv4/dhcp.c:1458:1:dhcp_option_short	16	static
../lwip/src/core/ipv4/dhcp.c:1438:1:dhcp_option	24	static
../lwip/src/core/ipv4/dhcp.c:1450:1:dhcp_option_byte	16	static
../lwip/src/core/ipv4/dhcp.c:1467:1:dhcp_option_long	16	static
../lwip/src/core/ipv4/dhcp.c:1883:1:dhcp_create_msg	32	static
../lwip/src/core/ipv4/dhcp.c:1479:1:dhcp_option_hostname	24	static
../lwip/src/core/ipv4/dhcp.c:1969:1:dhcp_option_trailer	8	static
../lwip/src/core/ipv4/dhcp.c:1267:1:dhcp_reboot	48	static
../lwip/src/core/ipv4/dhcp.c:446:1:dhcp_select	48	static
../lwip/src/core/ipv4/dhcp.c:1019:1:dhcp_discover	48	static
../lwip/src/core/ipv4/dhcp.c:300:1:dhcp_dec_pcb_refcount	8	static
../lwip/src/core/ipv4/dhcp.c:273:1:dhcp_inc_pcb_refcount	16	static
../lwip/src/core/ipv4/dhcp.c:666:1:dhcp_handle_ack	32	static
../lwip/src/core/ipv4/dhcp.c:1083:1:dhcp_bind	24	static
../lwip/src/core/ipv4/dhcp.c:1762:1:dhcp_recv	80	static
../lwip/src/core/ipv4/dhcp.c:757:1:dhcp_set_struct	16	static
../lwip/src/core/ipv4/dhcp.c:781:6:dhcp_cleanup	8	static
../lwip/src/core/ipv4/dhcp.c:894:1:dhcp_inform	104	static
../lwip/src/core/ipv4/dhcp.c:938:1:dhcp_network_changed_link_up	16	static
../lwip/src/core/ipv4/dhcp.c:1157:1:dhcp_renew	48	static
../lwip/src/core/ipv4/dhcp.c:1989:1:dhcp_supplied_address	0	static
../lwip/src/core/ipv4/dhcp.c:1325:1:dhcp_release_and_stop	64	static
../lwip/src/core/ipv4/dhcp.c:810:1:dhcp_start	16	static
../lwip/src/core/ipv4/dhcp.c:510:1:dhcp_coarse_tmr	48	static
../lwip/src/core/ipv4/dhcp.c:548:1:dhcp_fine_tmr	8	static
../lwip/src/core/ipv4/dhcp.c:1400:1:dhcp_release	8	static
../lwip/src/core/ipv4/dhcp.c:1412:1:dhcp_stop	8	static
