../lwip/src/core/ipv4/etharp.c:169:1:etharp_free_entry	8	static
../lwip/src/core/ipv4/etharp.c:257:1:etharp_find_entry	56	static
../lwip/src/core/ipv4/etharp.c:1110:1:etharp_raw	40	static
../lwip/src/core/ipv4/etharp.c:560:1:etharp_cleanup_netif	16	static
../lwip/src/core/ipv4/etharp.c:584:1:etharp_find_addr	24	static
../lwip/src/core/ipv4/etharp.c:613:1:etharp_get_entry	24	static
../lwip/src/core/ipv4/etharp.c:642:1:etharp_input	72	static
../lwip/src/core/ipv4/etharp.c:1207:1:etharp_request	24	static
../lwip/src/core/ipv4/etharp.c:198:1:etharp_tmr	16	static
../lwip/src/core/ipv4/etharp.c:749:1:etharp_output_to_arp_index	32	static
../lwip/src/core/ipv4/etharp.c:934:1:etharp_query	32	static
../lwip/src/core/ipv4/etharp.c:792:1:etharp_output	32	static
