../drivers/fsl_usdhc.c:250:17:USDHC_SetTransferConfig	8	static
../drivers/fsl_usdhc.c:397:17:USDHC_ReadDataPort	8	static
../drivers/fsl_usdhc.c:523:17:USDHC_WriteDataPort	4	static
../drivers/fsl_usdhc.c:236:17:USDHC_GetInstance	8	static
../drivers/fsl_usdhc.c:361:17:USDHC_ReceiveCommandResponse	16	static
../drivers/fsl_usdhc.c:2438:6:USDHC_TransferHandleIRQ	24	static
../drivers/fsl_usdhc.c:340:6:USDHC_SetDataConfig	16	static
../drivers/fsl_usdhc.c:659:6:USDHC_SendCommand	8	static
../drivers/fsl_usdhc.c:831:6:USDHC_Init	16	static
../drivers/fsl_usdhc.c:899:6:USDHC_Deinit	8	static
../drivers/fsl_usdhc.c:916:6:USDHC_Reset	4	static
../drivers/fsl_usdhc.c:942:6:USDHC_GetCapability	8	static
../drivers/fsl_usdhc.c:984:10:USDHC_SetSdClock	8	static
../drivers/fsl_usdhc.c:1105:6:USDHC_SetCardActive	0	static
../drivers/fsl_usdhc.c:1128:6:USDHC_EnableDDRMode	0	static
../drivers/fsl_usdhc.c:1173:6:USDHC_SetMmcBootConfig	8	static
../drivers/fsl_usdhc.c:1217:10:USDHC_SetADMA1Descriptor	16	static
../drivers/fsl_usdhc.c:1304:10:USDHC_SetADMA2Descriptor	48	static
../drivers/fsl_usdhc.c:1415:10:USDHC_SetInternalDmaConfig	8	static
../drivers/fsl_usdhc.c:1481:10:USDHC_SetAdmaTableConfig	32	static
../drivers/fsl_usdhc.c:1551:10:USDHC_TransferBlocking	32	static
../drivers/fsl_usdhc.c:1860:10:USDHC_TransferNonBlocking	32	static
../drivers/fsl_usdhc.c:1982:6:USDHC_EnableManualTuning	0	static
../drivers/fsl_usdhc.c:2007:10:USDHC_AdjustDelayForManualTuning	0	static
../drivers/fsl_usdhc.c:2039:10:USDHC_SetTuningDelay	8	static
../drivers/fsl_usdhc.c:2082:6:USDHC_EnableStandardTuning	4	static
../drivers/fsl_usdhc.c:2147:6:USDHC_EnableAutoTuningForCmdAndData	0	static
../drivers/fsl_usdhc.c:2401:6:USDHC_TransferCreateHandle	24	static
../drivers/fsl_usdhc.c:2477:6:USDHC0_DriverIRQHandler	8	static
