../sdmmc/host/fsl_sdmmc_host.c:145:13:SDMMCHOST_CardInterrupt	8	static
../sdmmc/host/fsl_sdmmc_host.c:339:13:SDMMCHOST_TransferCompleteCallback	8	static
../sdmmc/host/fsl_sdmmc_host.c:112:13:SDMMCHOST_DetectCardRemoveByHost	16	static
../sdmmc/host/fsl_sdmmc_host.c:80:13:SDMMCHOST_DetectCardInsertByHost	16	static
../sdmmc/host/fsl_sdmmc_host.c:160:10:SDMMCHOST_CardIntInit	0	static
../sdmmc/host/fsl_sdmmc_host.c:204:10:SDMMCHOST_CardDetectStatus	16	static
../sdmmc/host/fsl_sdmmc_host.c:169:10:SDMMCHOST_CardDetectInit	16	static
../sdmmc/host/fsl_sdmmc_host.c:243:10:SDMMCHOST_PollingCardDetectStatus	40	static
../sdmmc/host/fsl_sdmmc_host.c:303:6:SDMMCHOST_ConvertDataToLittleEndian	0	static
../sdmmc/host/fsl_sdmmc_host.c:381:10:SDMMCHOST_TransferFunction	40	static
../sdmmc/host/fsl_sdmmc_host.c:603:6:SDMMCHOST_SetCardPower	0	static
../sdmmc/host/fsl_sdmmc_host.c:608:6:SDMMCHOST_SetCardBusWidth	0	static
../sdmmc/host/fsl_sdmmc_host.c:617:10:SDMMCHOST_Init	40	static
../sdmmc/host/fsl_sdmmc_host.c:701:6:SDMMCHOST_Reset	16	static
../sdmmc/host/fsl_sdmmc_host.c:733:6:SDMMCHOST_Deinit	16	static
../sdmmc/host/fsl_sdmmc_host.c:743:6:SDMMCHOST_SwitchToVoltage	0	static
../sdmmc/host/fsl_sdmmc_host.c:965:10:SDMMCHOST_ExecuteTuning	112	static
../sdmmc/host/fsl_sdmmc_host.c:979:10:SDMMCHOST_StartBoot	64	static
../sdmmc/host/fsl_sdmmc_host.c:1008:10:SDMMCHOST_ReadBootData	88	static
