../lwip/src/apps/lwiperf/lwiperf.c:307:1:lwiperf_list_add	0	static
../lwip/src/apps/lwiperf/lwiperf.c:315:1:lwiperf_list_remove	24	static
../lwip/src/apps/lwiperf/lwiperf.c:856:1:lwiperf_start_tcp_server_impl	32	static
../lwip/src/apps/lwiperf/lwiperf.c:1164:1:lwiperf_udp_set_client_rate	16	static
../lwip/src/apps/lwiperf/lwiperf.c:384:1:lwiperf_tcp_close	48	static
../lwip/src/apps/lwiperf/lwiperf.c:764:1:lwiperf_tcp_accept	24	static
../lwip/src/apps/lwiperf/lwiperf.c:731:1:lwiperf_tcp_err	8	static
../lwip/src/apps/lwiperf/lwiperf.c:411:1:lwiperf_tcp_client_send_more	40	static
../lwip/src/apps/lwiperf/lwiperf.c:507:1:lwiperf_tcp_client_sent	8	static
../lwip/src/apps/lwiperf/lwiperf.c:745:1:lwiperf_tcp_poll	8	static
../lwip/src/apps/lwiperf/lwiperf.c:540:1:lwiperf_tx_start_impl	64	static
../lwip/src/apps/lwiperf/lwiperf.c:601:1:lwiperf_tx_start_passive	40	static
../lwip/src/apps/lwiperf/lwiperf.c:634:1:lwiperf_tcp_recv	24	static
../lwip/src/apps/lwiperf/lwiperf.c:522:1:lwiperf_tcp_client_connected	16	static
../lwip/src/apps/lwiperf/lwiperf.c:1284:1:lwiperf_udp_tx_new	24	static
../lwip/src/apps/lwiperf/lwiperf.c:1086:1:lwiperf_udp_close	48	static
../lwip/src/apps/lwiperf/lwiperf.c:1185:1:lwiperf_udp_client_send_more	48	static
../lwip/src/apps/lwiperf/lwiperf.c:1328:1:lwiperf_udp_tx_start	24	static
../lwip/src/apps/lwiperf/lwiperf.c:1116:1:lwiperf_udp_send_report	16	static
../lwip/src/apps/lwiperf/lwiperf.c:1438:1:lwiperf_udp_recv	56	static
../lwip/src/apps/lwiperf/lwiperf.c:841:1:lwiperf_start_tcp_server	32	static
../lwip/src/apps/lwiperf/lwiperf.c:826:1:lwiperf_start_tcp_server_default	8	static
../lwip/src/apps/lwiperf/lwiperf.c:1650:1:lwiperf_start_udp_server	24	static
../lwip/src/apps/lwiperf/lwiperf.c:1721:1:lwiperf_start_udp_client	56	static
../lwip/src/apps/lwiperf/lwiperf.c:1871:1:lwiperf_poll_udp_client	8	static
../lwip/src/apps/lwiperf/lwiperf.c:1885:1:lwiperf_abort	24	static
../lwip/src/apps/lwiperf/lwiperf.c:937:1:lwiperf_start_tcp_client	112	static
../lwip/src/apps/lwiperf/lwiperf.c:922:1:lwiperf_start_tcp_client_default	24	static
