../lwip/src/api/sockets.c:499:1:tryget_socket	0	static
../lwip/src/api/sockets.c:518:1:get_socket	8	static
../lwip/src/api/sockets.c:2904:1:lwip_sockopt_to_ipopt	8	static
../lwip/src/api/sockets.c:540:1:alloc_socket	24	static
../lwip/src/api/sockets.c:1809:1:lwip_link_select_cb	8	static
../lwip/src/api/sockets.c:1833:1:lwip_unlink_select_cb	8	static
../lwip/src/api/sockets.c:345:1:sockaddr_to_ipaddr_port	16	static
../lwip/src/api/sockets.c:1061:1:lwip_sock_make_addr	56	static
../lwip/src/api/sockets.c:2745:1:lwip_getaddrname	80	static
../lwip/src/api/sockets.c:633:1:free_socket	24	static
../lwip/src/api/sockets.c:958:1:lwip_recv_tcp	48	static
../lwip/src/api/sockets.c:1126:1:lwip_recvfrom_udp_raw	56	static
../lwip/src/api/sockets.c:2522:1:event_callback	32	static
../lwip/src/api/sockets.c:2238:1:lwip_pollscan	72	static
../lwip/src/api/sockets.c:1873:1:lwip_selscan	80	static
../lwip/src/api/sockets.c:359:1:lwip_socket_thread_init	0	static
../lwip/src/api/sockets.c:366:1:lwip_socket_thread_cleanup	0	static
../lwip/src/api/sockets.c:461:1:lwip_socket_dbg_get_socket	0	static
../lwip/src/api/sockets.c:659:1:accept	96	static
../lwip/src/api/sockets.c:756:1:bind	48	static
../lwip/src/api/sockets.c:810:1:close	80	static
../lwip/src/api/sockets.c:851:1:connect	48	static
../lwip/src/api/sockets.c:919:1:listen	16	static
../lwip/src/api/sockets.c:1237:1:recvfrom	80	static
../lwip/src/api/sockets.c:1290:1:read	16	static
../lwip/src/api/sockets.c:1313:1:recv	16	static
../lwip/src/api/sockets.c:1319:1:recvmsg	48	static
../lwip/src/api/sockets.c:1296:1:readv	40	static
../lwip/src/api/sockets.c:1460:1:sendmsg	88	static
../lwip/src/api/sockets.c:1623:1:sendto	80	static
../lwip/src/api/sockets.c:1420:1:send	40	static
../lwip/src/api/sockets.c:1723:1:socket	16	static
../lwip/src/api/sockets.c:1784:1:write	8	static
../lwip/src/api/sockets.c:1790:1:writev	40	static
c:\nxp\mcuxpressoide_11.9.0_2144\ide\plugins\com.nxp.mcuxpresso.tools.win32_11.9.0.202307121226\tools\arm-none-eabi\include\sys\select.h:80:5:select	136	static
../lwip/src/api/sockets.c:2364:1:poll	64	static
../lwip/src/api/sockets.c:2700:1:shutdown	8	static
../lwip/src/api/sockets.c:2792:1:getpeername	8	static
../lwip/src/api/sockets.c:2798:1:getsockname	8	static
../lwip/src/api/sockets.c:2804:1:getsockopt	24	static
../lwip/src/api/sockets.c:3258:1:setsockopt	48	static
../lwip/src/api/sockets.c:3809:1:ioctl	16	static
../lwip/src/api/sockets.c:3917:1:lwip_fcntl	16	static
../lwip/src/api/sockets.c:3987:1:fcntl	12	static
../lwip/src/api/sockets.c:4000:1:inet_ntop	8	static
../lwip/src/api/sockets.c:4033:1:inet_pton	40	static
