../wifi/port/lwip/net.c:199:13:tcpip_init_done_cb	8	static
../wifi/port/lwip/net.c:561:13:dhcp_timer_cb	8	static
../wifi/port/lwip/net.c:377:12:net_netif_deinit	32	static
../wifi/port/lwip/net.c:447:13:wm_netif_status_callback	8	static
../wifi/port/lwip/net.c:552:13:stop_cb	8	static
../wifi/port/lwip/net.c:101:13:netif_ext_status_callback	8	static
../wifi/port/lwip/net.c:130:7:ipv6_addr_state_to_desc	0	static
../wifi/port/lwip/net.c:154:7:ipv6_addr_addr_to_desc	32	static
../wifi/port/lwip/net.c:163:7:ipv6_addr_type_to_desc	32	static
../wifi/port/lwip/net.c:192:5:net_dhcp_hostname_set	0	static
../wifi/port/lwip/net.c:210:6:net_ipv4stack_init	16	static
../wifi/port/lwip/net.c:237:6:net_ipv6stack_init	16	static
../wifi/port/lwip/net.c:255:6:net_wlan_set_mac_address	8	static
../wifi/port/lwip/net.c:261:5:net_wlan_init	24	static
../wifi/port/lwip/net.c:349:15:net_get_sta_interface	0	static
../wifi/port/lwip/net.c:354:15:net_get_uap_interface	0	static
../wifi/port/lwip/net.c:359:5:net_get_if_name_netif	16	static
../wifi/port/lwip/net.c:405:5:net_wlan_deinit	16	static
../wifi/port/lwip/net.c:547:6:net_stop_dhcp_timer	8	static
../wifi/port/lwip/net.c:609:7:net_sock_to_interface	32	static
../wifi/port/lwip/net.c:626:7:net_get_sta_handle	0	static
../wifi/port/lwip/net.c:631:7:net_get_uap_handle	0	static
../wifi/port/lwip/net.c:643:5:net_alloc_client_data_id	0	static
../wifi/port/lwip/net.c:656:6:net_interface_up	8	static
../wifi/port/lwip/net.c:662:6:net_interface_down	8	static
../wifi/port/lwip/net.c:668:6:net_interface_dhcp_stop	8	static
../wifi/port/lwip/net.c:675:6:net_interface_dhcp_cleanup	8	static
../wifi/port/lwip/net.c:681:5:net_configure_address	24	static
../wifi/port/lwip/net.c:803:5:net_get_if_addr	8	static
../wifi/port/lwip/net.c:821:5:net_get_if_ipv6_addr	24	static
../wifi/port/lwip/net.c:835:5:net_get_if_ipv6_pref_addr	24	static
../wifi/port/lwip/net.c:851:5:net_get_if_name	16	static
../wifi/port/lwip/net.c:870:5:net_get_if_ip_addr	0	static
../wifi/port/lwip/net.c:878:5:net_get_if_ip_mask	0	static
../wifi/port/lwip/net.c:886:6:net_configure_dns	16	static
../wifi/port/lwip/net.c:913:6:net_stat	8	static
