../wifi/port/lwip/wifi_netif.c:227:21:gen_pbuf_from_data	16	static
../wifi/port/lwip/wifi_netif.c:105:13:deliver_packet_above	16	static
../wifi/port/lwip/wifi_netif.c:616:14:low_level_output	24	static
../wifi/port/lwip/wifi_netif.c:918:14:mld_mac_filter	24	static
../wifi/port/lwip/wifi_netif.c:561:13:low_level_init	32	static
../wifi/port/lwip/wifi_netif.c:807:14:igmp_mac_filter	24	static
../wifi/port/lwip/wifi_netif.c:485:6:handle_data_packet	40	static
../wifi/port/lwip/wifi_netif.c:514:6:handle_amsdu_data_packet	8	static
../wifi/port/lwip/wifi_netif.c:535:6:handle_deliver_packet_above	8	static
../wifi/port/lwip/wifi_netif.c:548:6:wrapper_net_is_ip_or_ipv6	0	static
../wifi/port/lwip/wifi_netif.c:1030:7:lwip_netif_init	16	static
../wifi/port/lwip/wifi_netif.c:1076:7:lwip_netif_uap_init	16	static
