../lwip/src/core/netif.c:1669:1:netif_null_output_ip6	0	static
../lwip/src/core/netif.c:1683:1:netif_null_output_ip4	0	static
../lwip/src/core/netif.c:162:1:netif_loopif_init	8	static
../lwip/src/core/netif.c:468:1:netif_do_ip_addr_changed	16	static
../lwip/src/core/netif.c:911:1:netif_issue_reports	16	static
../lwip/src/core/netif.c:483:1:netif_do_set_ipaddr	40	static
../lwip/src/core/netif.c:1261:1:netif_poll	32	static
../lwip/src/core/netif.c:228:1:netif_input	16	static
../lwip/src/core/netif.c:858:1:netif_set_default	0	static
../lwip/src/core/netif.c:996:1:netif_set_status_callback	0	static
../lwip/src/core/netif.c:1130:1:netif_loop_output	24	static
../lwip/src/core/netif.c:1245:1:netif_loop_output_ipv6	8	static
../lwip/src/core/netif.c:1236:1:netif_loop_output_ipv4	8	static
../lwip/src/core/netif.c:1527:1:netif_get_ip6_addr_match	16	static
../lwip/src/core/netif.c:1740:1:netif_get_by_index	0	static
../lwip/src/core/netif.c:1720:1:netif_index_to_name	16	static
../lwip/src/core/netif.c:1765:1:netif_find	8	static
../lwip/src/core/netif.c:1701:1:netif_name_to_index	8	static
../lwip/src/core/netif.c:1802:1:netif_add_ext_callback	16	static
../lwip/src/core/netif.c:1819:1:netif_remove_ext_callback	8	static
../lwip/src/core/netif.c:1852:1:netif_invoke_ext_callback	24	static
../lwip/src/core/netif.c:530:1:netif_set_ipaddr	48	static
../lwip/src/core/netif.c:590:1:netif_set_netmask	48	static
../lwip/src/core/netif.c:651:1:netif_set_gw	48	static
../lwip/src/core/netif.c:688:1:netif_set_addr	120	static
../lwip/src/core/netif.c:287:1:netif_add	32	static
../lwip/src/core/netif.c:250:1:netif_add_noaddr	24	static
../lwip/src/core/netif.c:880:1:netif_set_up	24	static
../lwip/src/core/netif.c:958:1:netif_set_down	24	static
../lwip/src/core/netif.c:773:1:netif_remove	24	static
../lwip/src/core/netif.c:1027:1:netif_set_link_up	24	static
../lwip/src/core/netif.c:188:1:netif_init	48	static
../lwip/src/core/netif.c:1065:1:netif_set_link_down	24	static
../lwip/src/core/netif.c:1399:1:netif_ip6_addr_set_parts	88	static
../lwip/src/core/netif.c:1377:1:netif_ip6_addr_set	24	static
../lwip/src/core/netif.c:1456:1:netif_ip6_addr_set_state	48	static
../lwip/src/core/netif.c:1560:1:netif_create_ip6_linklocal_address	16	static
../lwip/src/core/netif.c:1629:1:netif_add_ip6_address	24	static
