../lwip/src/core/raw.c:135:1:raw_input	40	static
../lwip/src/core/raw.c:221:1:raw_bind	8	static
../lwip/src/core/raw.c:253:1:raw_bind_netif	0	static
../lwip/src/core/raw.c:278:1:raw_connect	16	static
../lwip/src/core/raw.c:304:1:raw_disconnect	0	static
../lwip/src/core/raw.c:334:1:raw_recv	0	static
../lwip/src/core/raw.c:421:1:raw_sendto_if_src	56	static
../lwip/src/core/raw.c:354:1:raw_sendto	32	static
../lwip/src/core/raw.c:547:1:raw_send	8	static
../lwip/src/core/raw.c:562:1:raw_remove	8	static
../lwip/src/core/raw.c:596:1:raw_new	16	static
../lwip/src/core/raw.c:636:1:raw_new_ip_type	8	static
../lwip/src/core/raw.c:657:6:raw_netif_ip_addr_changed	4	static
