../lwip/src/core/tcp.c:1015:1:tcp_new_port	12	static
../lwip/src/core/tcp.c:201:1:tcp_init	8	static
../lwip/src/core/tcp.c:210:1:tcp_free	8	static
../lwip/src/core/tcp.c:294:1:tcp_backlog_delayed	8	static
../lwip/src/core/tcp.c:317:1:tcp_backlog_accepted	8	static
../lwip/src/core/tcp.c:409:1:tcp_close_shutdown_fin	8	static
../lwip/src/core/tcp.c:662:1:tcp_bind	48	static
../lwip/src/core/tcp.c:764:1:tcp_bind_netif	0	static
../lwip/src/core/tcp.c:849:1:tcp_listen_with_backlog_and_err	24	static
../lwip/src/core/tcp.c:826:1:tcp_listen_with_backlog	8	static
../lwip/src/core/tcp.c:934:1:tcp_update_rcv_ann_wnd	16	static
../lwip/src/core/tcp.c:972:1:tcp_recved	16	static
../lwip/src/core/tcp.c:1540:1:tcp_txnow	8	static
../lwip/src/core/tcp.c:1637:1:tcp_seg_free	8	static
../lwip/src/core/tcp.c:1622:1:tcp_segs_free	8	static
../lwip/src/core/tcp.c:1658:1:tcp_setprio	8	static
../lwip/src/core/tcp.c:1676:1:tcp_seg_copy	16	static
../lwip/src/core/tcp.c:2027:1:tcp_arg	0	static
../lwip/src/core/tcp.c:2050:1:tcp_recv	16	static
../lwip/src/core/tcp.c:2070:1:tcp_sent	16	static
../lwip/src/core/tcp.c:2096:1:tcp_err	16	static
../lwip/src/core/tcp.c:2116:1:tcp_accept	0	static
../lwip/src/core/tcp.c:2145:1:tcp_poll	16	static
../lwip/src/core/tcp.c:2255:1:tcp_next_iss	8	static
../lwip/src/core/tcp.c:2278:1:tcp_eff_send_mss_netif	16	static
../lwip/src/core/tcp.c:1071:1:tcp_connect	40	static
../lwip/src/core/tcp.c:2394:1:tcp_debug_state_str	0	static
../lwip/src/core/tcp.c:2400:1:tcp_tcp_get_tcp_addrinfo	12	static
../lwip/src/core/tcp.c:2426:1:tcp_free_ooseq	8	static
../lwip/src/core/tcp.c:2167:1:tcp_pcb_purge	8	static
../lwip/src/core/tcp.c:2217:1:tcp_pcb_remove	16	static
../lwip/src/core/tcp.c:563:1:tcp_abandon	48	static
../lwip/src/core/tcp.c:638:1:tcp_abort	8	static
../lwip/src/core/tcp.c:779:1:tcp_accept_null	8	static
../lwip/src/core/tcp.c:2339:1:tcp_netif_ip_addr_changed_pcblist	16	static
../lwip/src/core/tcp.c:2371:1:tcp_netif_ip_addr_changed	16	static
../lwip/src/core/tcp.c:1783:1:tcp_kill_state	16	static
../lwip/src/core/tcp.c:1865:1:tcp_alloc	24	static
../lwip/src/core/tcp.c:1983:1:tcp_new	8	static
../lwip/src/core/tcp.c:2001:1:tcp_new_ip_type	8	static
../lwip/src/core/tcp.c:348:1:tcp_close_shutdown	32	static
../lwip/src/core/tcp.c:484:1:tcp_close	8	static
../lwip/src/core/tcp.c:1715:1:tcp_recv_null	8	static
../lwip/src/core/tcp.c:1553:1:tcp_process_refused_data	24	static
../lwip/src/core/tcp.c:1493:1:tcp_fasttmr	32	static
../lwip/src/core/tcp.c:515:1:tcp_shutdown	8	static
../lwip/src/core/tcp.c:1196:1:tcp_slowtmr	56	static
../lwip/src/core/tcp.c:234:1:tcp_tmr	8	static
