../lwip/src/core/tcp_out.c:286:1:tcp_seg_add_chksum	0	static
../lwip/src/core/tcp_out.c:1436:1:tcp_output_segment_busy	8	static
../lwip/src/core/tcp_out.c:161:1:tcp_create_segment	32	static
../lwip/src/core/tcp_out.c:1822:1:tcp_output_alloc_header_common	24	static
../lwip/src/core/tcp_out.c:1857:1:tcp_output_alloc_header	40	static
../lwip/src/core/tcp_out.c:135:1:tcp_route	8	static
../lwip/src/core/tcp_out.c:1876:1:tcp_output_fill_options	24	static
../lwip/src/core/tcp_out.c:1980:1:tcp_rst_common	32	static
../lwip/src/core/tcp_out.c:1946:1:tcp_output_control_segment_netif	48	static
../lwip/src/core/tcp_out.c:1925:1:tcp_output_control_segment	32	static
../lwip/src/core/tcp_out.c:393:1:tcp_write	88	static
../lwip/src/core/tcp_out.c:830:1:tcp_split_unsent_seg	56	static
../lwip/src/core/tcp_out.c:1036:1:tcp_enqueue_flags	40	static
../lwip/src/core/tcp_out.c:1005:1:tcp_send_fin	16	static
../lwip/src/core/tcp_out.c:1635:1:tcp_rexmit_rto_prepare	24	static
../lwip/src/core/tcp_out.c:1728:1:tcp_rexmit	24	static
../lwip/src/core/tcp_out.c:1787:1:tcp_rexmit_fast	8	static
../lwip/src/core/tcp_out.c:2034:1:tcp_rst	40	static
../lwip/src/core/tcp_out.c:2066:1:tcp_rst_netif	32	static
../lwip/src/core/tcp_out.c:2086:1:tcp_send_empty_ack	16	static
../lwip/src/core/tcp_out.c:1241:1:tcp_output	64	static
../lwip/src/core/tcp_out.c:1690:1:tcp_rexmit_rto_commit	8	static
../lwip/src/core/tcp_out.c:1711:1:tcp_rexmit_rto	8	static
../lwip/src/core/tcp_out.c:2145:1:tcp_keepalive	16	static
../lwip/src/core/tcp_out.c:2183:1:tcp_zero_window_probe	24	static
