../lwip/src/core/udp.c:130:1:udp_input_local_match	16	static
../lwip/src/core/udp.c:87:1:udp_init	8	static
../lwip/src/core/udp.c:194:1:udp_input	56	static
../lwip/src/core/udp.c:932:1:udp_bind	48	static
../lwip/src/core/udp.c:708:1:udp_sendto_if_src_chksum	64	static
../lwip/src/core/udp.c:633:1:udp_sendto_if_chksum	48	static
../lwip/src/core/udp.c:530:1:udp_sendto_chksum	40	static
../lwip/src/core/udp.c:485:1:udp_send_chksum	16	static
../lwip/src/core/udp.c:520:1:udp_sendto	16	static
../lwip/src/core/udp.c:467:1:udp_send	8	static
../lwip/src/core/udp.c:624:1:udp_sendto_if	24	static
../lwip/src/core/udp.c:699:1:udp_sendto_if_src	24	static
../lwip/src/core/udp.c:1046:1:udp_bind_netif	0	static
../lwip/src/core/udp.c:1075:1:udp_connect	16	static
../lwip/src/core/udp.c:1130:1:udp_disconnect	8	static
../lwip/src/core/udp.c:1162:1:udp_recv	8	static
../lwip/src/core/udp.c:1183:1:udp_remove	8	static
../lwip/src/core/udp.c:1223:1:udp_new	8	static
../lwip/src/core/udp.c:1262:1:udp_new_ip_type	8	static
../lwip/src/core/udp.c:1285:6:udp_netif_ip_addr_changed	4	static
