../sdmmc/src/fsl_sdio.c:127:17:SDIO_SwitchIOVoltage	8	static
../sdmmc/src/fsl_sdio.c:339:17:SDIO_IO_Access_Direct	56	static
../sdmmc/src/fsl_sdio.c:276:17:SDIO_SendOperationCondition	72	static
../sdmmc/src/fsl_sdio.c:269:10:SDIO_CardInActive	8	static
../sdmmc/src/fsl_sdio.c:390:10:SDIO_IO_Write_Direct	40	static
../sdmmc/src/fsl_sdio.c:410:10:SDIO_IO_Read_Direct	40	static
../sdmmc/src/fsl_sdio.c:430:10:SDIO_IO_RW_Direct	40	static
../sdmmc/src/fsl_sdio.c:455:10:SDIO_IO_Write_Extended	104	static
../sdmmc/src/fsl_sdio.c:550:10:SDIO_IO_Read_Extended	104	static
../sdmmc/src/fsl_sdio.c:648:10:SDIO_IO_Transfer	104	static
../sdmmc/src/fsl_sdio.c:767:10:SDIO_GetCardCapability	56	static
../sdmmc/src/fsl_sdio.c:872:10:SDIO_SetBlockSize	48	static
../sdmmc/src/fsl_sdio.c:932:10:SDIO_CardReset	24	static
../sdmmc/src/fsl_sdio.c:945:10:SDIO_SetDataBusWidth	40	static
../sdmmc/src/fsl_sdio.c:1029:10:SDIO_SwitchToHighSpeed	56	static
../sdmmc/src/fsl_sdio.c:1238:10:SDIO_SetDriverStrength	40	static
../sdmmc/src/fsl_sdio.c:1277:10:SDIO_EnableAsyncInterrupt	40	static
../sdmmc/src/fsl_sdio.c:1411:10:SDIO_ReadCIS	344	static
../sdmmc/src/fsl_sdio.c:1694:10:SDIO_HostInit	8	static
../sdmmc/src/fsl_sdio.c:1722:6:SDIO_HostDeinit	8	static
../sdmmc/src/fsl_sdio.c:1732:6:SDIO_HostDoReset	8	static
../sdmmc/src/fsl_sdio.c:1737:10:SDIO_PollingCardInsert	16	static
../sdmmc/src/fsl_sdio.c:1782:6:SDIO_IsCardPresent	8	static
../sdmmc/src/fsl_sdio.c:1811:6:SDIO_SetCardPower	16	static
../sdmmc/src/fsl_sdio.c:1665:10:SDIO_CardInit	112	static
../sdmmc/src/fsl_sdio.c:1683:6:SDIO_CardDeinit	16	static
../sdmmc/src/fsl_sdio.c:1838:10:SDIO_Init	8	static
../sdmmc/src/fsl_sdio.c:1878:6:SDIO_Deinit	8	static
../sdmmc/src/fsl_sdio.c:1886:10:SDIO_EnableIOInterrupt	40	static
../sdmmc/src/fsl_sdio.c:1939:10:SDIO_GetPendingInterrupt	24	static
../sdmmc/src/fsl_sdio.c:1955:10:SDIO_EnableIO	56	static
../sdmmc/src/fsl_sdio.c:2030:10:SDIO_SelectIO	32	static
../sdmmc/src/fsl_sdio.c:2049:10:SDIO_AbortIO	32	static
../sdmmc/src/fsl_sdio.c:2067:6:SDIO_SetIOIRQHandler	8	static
../sdmmc/src/fsl_sdio.c:2076:10:SDIO_HandlePendingIOInterrupt	32	static
